../Core/Src/main.c:83:6:RS485_SendCommand	16	static
../Core/Src/main.c:91:6:HAL_UART_RxCpltCallback	24	static
../Core/Src/main.c:123:5:main	24	static
../Core/Src/main.c:197:6:SystemClock_Config	72	static
../Core/Src/main.c:237:13:MX_I2C1_Init	8	static
../Core/Src/main.c:271:13:MX_TIM1_Init	32	static
../Core/Src/main.c:317:13:MX_USART1_UART_Init	8	static
../Core/Src/main.c:350:13:MX_USART2_UART_Init	8	static
../Core/Src/main.c:383:13:MX_GPIO_Init	24	static
../Core/Src/main.c:405:6:Error_Handler	4	static,ignoring_inline_asm
