../Core/Src/main.c:80:9:calculate_lrc	24	static
../Core/Src/main.c:103:9:check_lrc	32	static
../Core/Src/main.c:121:6:hexdec_to_ascii	16	static
../Core/Src/main.c:126:6:RS485_SendCommand	24	static
../Core/Src/main.c:137:6:decode_ppm2_ver3	72	static
../Core/Src/main.c:193:6:make_time	16	static
../Core/Src/main.c:197:6:USB_data_to_send	64	static
../Core/Src/main.c:205:6:USB_data_miss_to_send	128	static
../Core/Src/main.c:308:5:check_disconnected	16	static
../Core/Src/main.c:333:6:Change_Time_Read_Data	8	static
../Core/Src/main.c:355:6:HAL_TIM_PeriodElapsedCallback	16	static
../Core/Src/main.c:390:6:HAL_UART_RxCpltCallback	16	static
../Core/Src/main.c:508:5:main	8	static
../Core/Src/main.c:556:6:SystemClock_Config	88	static
../Core/Src/main.c:603:13:MX_TIM2_Init	32	static
../Core/Src/main.c:648:13:MX_USART1_UART_Init	8	static
../Core/Src/main.c:681:13:MX_GPIO_Init	16	static
../Core/Src/main.c:702:6:Error_Handler	4	static,ignoring_inline_asm
