../Core/Src/main.c:113:6:HAL_TIM_PeriodElapsedCallback	16	static
../Core/Src/main.c:158:6:HAL_UART_RxCpltCallback	16	static
../Core/Src/main.c:531:6:HAL_GPIO_EXTI_Callback	16	static
../Core/Src/main.c:597:5:main	8	static
../Core/Src/main.c:657:6:SystemClock_Config	72	static
../Core/Src/main.c:697:13:MX_TIM1_Init	80	static
../Core/Src/main.c:762:13:MX_TIM2_Init	32	static
../Core/Src/main.c:807:13:MX_TIM3_Init	32	static
../Core/Src/main.c:852:13:MX_USART1_UART_Init	8	static
../Core/Src/main.c:885:13:MX_USART2_UART_Init	8	static
../Core/Src/main.c:918:13:MX_GPIO_Init	40	static
../Core/Src/main.c:964:6:Error_Handler	4	static,ignoring_inline_asm
