../Core/Src/main.c:122:6:set_time	24	static
../Core/Src/main.c:136:6:get_time	8	static
../Core/Src/main.c:141:5:CO_ppm_convert	32	static
../Core/Src/main.c:146:6:Change_Timer_Period	16	static
../Core/Src/main.c:167:6:HAL_TIM_PeriodElapsedCallback	16	static
../Core/Src/main.c:194:6:HAL_ADC_ConvCpltCallback	16	static
../Core/Src/main.c:238:6:HAL_GPIO_EXTI_Callback	16	static
../Core/Src/main.c:275:6:HAL_UART_RxCpltCallback	40	static
../Core/Src/main.c:386:5:main	8	static
../Core/Src/main.c:472:6:SystemClock_Config	88	static
../Core/Src/main.c:520:13:MX_ADC1_Init	24	static
../Core/Src/main.c:567:13:MX_I2C1_Init	8	static
../Core/Src/main.c:601:13:MX_I2C2_Init	8	static
../Core/Src/main.c:635:13:MX_RTC_Init	16	static
../Core/Src/main.c:693:13:MX_TIM2_Init	32	static
../Core/Src/main.c:738:13:MX_TIM3_Init	32	static
../Core/Src/main.c:783:13:MX_USART1_UART_Init	8	static
../Core/Src/main.c:816:13:MX_GPIO_Init	40	static
../Core/Src/main.c:911:6:Error_Handler	4	static,ignoring_inline_asm
