Archive member included to satisfy reference by file (symbol)

C:/Users/DELL/cubeide/STM32CubeIDE_1.16.0/STM32CubeIDE/plugins/com.st.stm32cube.ide.mcu.externaltools.gnu-tools-for-stm32.12.3.rel1.win32_1.0.200.202406191623/tools/bin/../lib/gcc/arm-none-eabi/12.3.1/../../../../arm-none-eabi/lib/thumb/v7-m/nofp\libc_nano.a(libc_a-atoi.o)
                              ./Core/Src/main.o (atoi)
C:/Users/DELL/cubeide/STM32CubeIDE_1.16.0/STM32CubeIDE/plugins/com.st.stm32cube.ide.mcu.externaltools.gnu-tools-for-stm32.12.3.rel1.win32_1.0.200.202406191623/tools/bin/../lib/gcc/arm-none-eabi/12.3.1/../../../../arm-none-eabi/lib/thumb/v7-m/nofp\libc_nano.a(libc_a-exit.o)
                              C:/Users/DELL/cubeide/STM32CubeIDE_1.16.0/STM32CubeIDE/plugins/com.st.stm32cube.ide.mcu.externaltools.gnu-tools-for-stm32.12.3.rel1.win32_1.0.200.202406191623/tools/bin/../lib/gcc/arm-none-eabi/12.3.1/../../../../arm-none-eabi/lib/thumb/v7-m/nofp/crt0.o (exit)
C:/Users/DELL/cubeide/STM32CubeIDE_1.16.0/STM32CubeIDE/plugins/com.st.stm32cube.ide.mcu.externaltools.gnu-tools-for-stm32.12.3.rel1.win32_1.0.200.202406191623/tools/bin/../lib/gcc/arm-none-eabi/12.3.1/../../../../arm-none-eabi/lib/thumb/v7-m/nofp\libc_nano.a(libc_a-strtol.o)
                              C:/Users/DELL/cubeide/STM32CubeIDE_1.16.0/STM32CubeIDE/plugins/com.st.stm32cube.ide.mcu.externaltools.gnu-tools-for-stm32.12.3.rel1.win32_1.0.200.202406191623/tools/bin/../lib/gcc/arm-none-eabi/12.3.1/../../../../arm-none-eabi/lib/thumb/v7-m/nofp\libc_nano.a(libc_a-atoi.o) (_strtol_r)
C:/Users/DELL/cubeide/STM32CubeIDE_1.16.0/STM32CubeIDE/plugins/com.st.stm32cube.ide.mcu.externaltools.gnu-tools-for-stm32.12.3.rel1.win32_1.0.200.202406191623/tools/bin/../lib/gcc/arm-none-eabi/12.3.1/../../../../arm-none-eabi/lib/thumb/v7-m/nofp\libc_nano.a(libc_a-ctype_.o)
                              C:/Users/DELL/cubeide/STM32CubeIDE_1.16.0/STM32CubeIDE/plugins/com.st.stm32cube.ide.mcu.externaltools.gnu-tools-for-stm32.12.3.rel1.win32_1.0.200.202406191623/tools/bin/../lib/gcc/arm-none-eabi/12.3.1/../../../../arm-none-eabi/lib/thumb/v7-m/nofp\libc_nano.a(libc_a-strtol.o) (_ctype_)
C:/Users/DELL/cubeide/STM32CubeIDE_1.16.0/STM32CubeIDE/plugins/com.st.stm32cube.ide.mcu.externaltools.gnu-tools-for-stm32.12.3.rel1.win32_1.0.200.202406191623/tools/bin/../lib/gcc/arm-none-eabi/12.3.1/../../../../arm-none-eabi/lib/thumb/v7-m/nofp\libc_nano.a(libc_a-findfp.o)
                              C:/Users/DELL/cubeide/STM32CubeIDE_1.16.0/STM32CubeIDE/plugins/com.st.stm32cube.ide.mcu.externaltools.gnu-tools-for-stm32.12.3.rel1.win32_1.0.200.202406191623/tools/bin/../lib/gcc/arm-none-eabi/12.3.1/../../../../arm-none-eabi/lib/thumb/v7-m/nofp\libc_nano.a(libc_a-exit.o) (__stdio_exit_handler)
C:/Users/DELL/cubeide/STM32CubeIDE_1.16.0/STM32CubeIDE/plugins/com.st.stm32cube.ide.mcu.externaltools.gnu-tools-for-stm32.12.3.rel1.win32_1.0.200.202406191623/tools/bin/../lib/gcc/arm-none-eabi/12.3.1/../../../../arm-none-eabi/lib/thumb/v7-m/nofp\libc_nano.a(libc_a-fwalk.o)
                              C:/Users/DELL/cubeide/STM32CubeIDE_1.16.0/STM32CubeIDE/plugins/com.st.stm32cube.ide.mcu.externaltools.gnu-tools-for-stm32.12.3.rel1.win32_1.0.200.202406191623/tools/bin/../lib/gcc/arm-none-eabi/12.3.1/../../../../arm-none-eabi/lib/thumb/v7-m/nofp\libc_nano.a(libc_a-findfp.o) (_fwalk_sglue)
C:/Users/DELL/cubeide/STM32CubeIDE_1.16.0/STM32CubeIDE/plugins/com.st.stm32cube.ide.mcu.externaltools.gnu-tools-for-stm32.12.3.rel1.win32_1.0.200.202406191623/tools/bin/../lib/gcc/arm-none-eabi/12.3.1/../../../../arm-none-eabi/lib/thumb/v7-m/nofp\libc_nano.a(libc_a-stdio.o)
                              C:/Users/DELL/cubeide/STM32CubeIDE_1.16.0/STM32CubeIDE/plugins/com.st.stm32cube.ide.mcu.externaltools.gnu-tools-for-stm32.12.3.rel1.win32_1.0.200.202406191623/tools/bin/../lib/gcc/arm-none-eabi/12.3.1/../../../../arm-none-eabi/lib/thumb/v7-m/nofp\libc_nano.a(libc_a-findfp.o) (__sread)
C:/Users/DELL/cubeide/STM32CubeIDE_1.16.0/STM32CubeIDE/plugins/com.st.stm32cube.ide.mcu.externaltools.gnu-tools-for-stm32.12.3.rel1.win32_1.0.200.202406191623/tools/bin/../lib/gcc/arm-none-eabi/12.3.1/../../../../arm-none-eabi/lib/thumb/v7-m/nofp\libc_nano.a(libc_a-memset.o)
                              C:/Users/DELL/cubeide/STM32CubeIDE_1.16.0/STM32CubeIDE/plugins/com.st.stm32cube.ide.mcu.externaltools.gnu-tools-for-stm32.12.3.rel1.win32_1.0.200.202406191623/tools/bin/../lib/gcc/arm-none-eabi/12.3.1/../../../../arm-none-eabi/lib/thumb/v7-m/nofp/crt0.o (memset)
C:/Users/DELL/cubeide/STM32CubeIDE_1.16.0/STM32CubeIDE/plugins/com.st.stm32cube.ide.mcu.externaltools.gnu-tools-for-stm32.12.3.rel1.win32_1.0.200.202406191623/tools/bin/../lib/gcc/arm-none-eabi/12.3.1/../../../../arm-none-eabi/lib/thumb/v7-m/nofp\libc_nano.a(libc_a-strncpy.o)
                              ./Core/Src/main.o (strncpy)
[...]
Memory Configuration

Name             Origin             Length             Attributes
RAM              0x20000000         0x00005000         xrw
FLASH            0x08000000         0x00010000         xr
*default*        0x00000000         0xffffffff

Linker script and memory map

LOAD C:/Users/DELL/cubeide/STM32CubeIDE_1.16.0/STM32CubeIDE/plugins/com.st.stm32cube.ide.mcu.externaltools.gnu-tools-for-stm32.12.3.rel1.win32_1.0.200.202406191623/tools/bin/../lib/gcc/arm-none-eabi/12.3.1/thumb/v7-m/nofp/crti.o
LOAD C:/Users/DELL/cubeide/STM32CubeIDE_1.16.0/STM32CubeIDE/plugins/com.st.stm32cube.ide.mcu.externaltools.gnu-tools-for-stm32.12.3.rel1.win32_1.0.200.202406191623/tools/bin/../lib/gcc/arm-none-eabi/12.3.1/thumb/v7-m/nofp/crtbegin.o
LOAD C:/Users/DELL/cubeide/STM32CubeIDE_1.16.0/STM32CubeIDE/plugins/com.st.stm32cube.ide.mcu.externaltools.gnu-tools-for-stm32.12.3.rel1.win32_1.0.200.202406191623/tools/bin/../lib/gcc/arm-none-eabi/12.3.1/../../../../arm-none-eabi/lib/thumb/v7-m/nofp/crt0.o
LOAD ./Core/Src/main.o
LOAD ./Core/Src/stm32f1xx_hal_msp.o
LOAD ./Core/Src/stm32f1xx_it.o
LOAD ./Core/Src/syscalls.o
LOAD ./Core/Src/sysmem.o
LOAD ./Core/Src/system_stm32f1xx.o
LOAD ./Core/Startup/startup_stm32f103c8tx.o
LOAD ./Drivers/STM32F1xx_HAL_Driver/Src/stm32f1xx_hal.o
LOAD ./Drivers/STM32F1xx_HAL_Driver/Src/stm32f1xx_hal_cortex.o
LOAD ./Drivers/STM32F1xx_HAL_Driver/Src/stm32f1xx_hal_dma.o
LOAD ./Drivers/STM32F1xx_HAL_Driver/Src/stm32f1xx_hal_exti.o
LOAD ./Drivers/STM32F1xx_HAL_Driver/Src/stm32f1xx_hal_flash.o
LOAD ./Drivers/STM32F1xx_HAL_Driver/Src/stm32f1xx_hal_flash_ex.o
LOAD ./Drivers/STM32F1xx_HAL_Driver/Src/stm32f1xx_hal_gpio.o
LOAD ./Drivers/STM32F1xx_HAL_Driver/Src/stm32f1xx_hal_gpio_ex.o
LOAD ./Drivers/STM32F1xx_HAL_Driver/Src/stm32f1xx_hal_pcd.o
LOAD ./Drivers/STM32F1xx_HAL_Driver/Src/stm32f1xx_hal_pcd_ex.o
LOAD ./Drivers/STM32F1xx_HAL_Driver/Src/stm32f1xx_hal_pwr.o
LOAD ./Drivers/STM32F1xx_HAL_Driver/Src/stm32f1xx_hal_rcc.o
LOAD ./Drivers/STM32F1xx_HAL_Driver/Src/stm32f1xx_hal_rcc_ex.o
LOAD ./Drivers/STM32F1xx_HAL_Driver/Src/stm32f1xx_hal_tim.o
LOAD ./Drivers/STM32F1xx_HAL_Driver/Src/stm32f1xx_hal_tim_ex.o
LOAD ./Drivers/STM32F1xx_HAL_Driver/Src/stm32f1xx_hal_uart.o
LOAD ./Drivers/STM32F1xx_HAL_Driver/Src/stm32f1xx_ll_usb.o
LOAD ./Middlewares/ST/STM32_USB_Device_Library/Class/CDC/Src/usbd_cdc.o
LOAD ./Middlewares/ST/STM32_USB_Device_Library/Core/Src/usbd_core.o
LOAD ./Middlewares/ST/STM32_USB_Device_Library/Core/Src/usbd_ctlreq.o
LOAD ./Middlewares/ST/STM32_USB_Device_Library/Core/Src/usbd_ioreq.o
LOAD ./USB_DEVICE/App/usb_device.o
LOAD ./USB_DEVICE/App/usbd_cdc_if.o
LOAD ./USB_DEVICE/App/usbd_desc.o
LOAD ./USB_DEVICE/Target/usbd_conf.o
START GROUP
LOAD C:/Users/DELL/cubeide/STM32CubeIDE_1.16.0/STM32CubeIDE/plugins/com.st.stm32cube.ide.mcu.externaltools.gnu-tools-for-stm32.12.3.rel1.win32_1.0.200.202406191623/tools/bin/../lib/gcc/arm-none-eabi/12.3.1/../../../../arm-none-eabi/lib/thumb/v7-m/nofp\libc_nano.a
LOAD C:/Users/DELL/cubeide/STM32CubeIDE_1.16.0/STM32CubeIDE/plugins/com.st.stm32cube.ide.mcu.externaltools.gnu-tools-for-stm32.12.3.rel1.win32_1.0.200.202406191623/tools/bin/../lib/gcc/arm-none-eabi/12.3.1/../../../../arm-none-eabi/lib/thumb/v7-m/nofp\libm.a
END GROUP
START GROUP
LOAD C:/Users/DELL/cubeide/STM32CubeIDE_1.16.0/STM32CubeIDE/plugins/com.st.stm32cube.ide.mcu.externaltools.gnu-tools-for-stm32.12.3.rel1.win32_1.0.200.202406191623/tools/bin/../lib/gcc/arm-none-eabi/12.3.1/thumb/v7-m/nofp\libgcc.a
LOAD C:/Users/DELL/cubeide/STM32CubeIDE_1.16.0/STM32CubeIDE/plugins/com.st.stm32cube.ide.mcu.externaltools.gnu-tools-for-stm32.12.3.rel1.win32_1.0.200.202406191623/tools/bin/../lib/gcc/arm-none-eabi/12.3.1/../../../../arm-none-eabi/lib/thumb/v7-m/nofp\libc_nano.a
END GROUP
START GROUP
LOAD C:/Users/DELL/cubeide/STM32CubeIDE_1.16.0/STM32CubeIDE/plugins/com.st.stm32cube.ide.mcu.externaltools.gnu-tools-for-stm32.12.3.rel1.win32_1.0.200.202406191623/tools/bin/../lib/gcc/arm-none-eabi/12.3.1/thumb/v7-m/nofp\libgcc.a
LOAD C:/Users/DELL/cubeide/STM32CubeIDE_1.16.0/STM32CubeIDE/plugins/com.st.stm32cube.ide.mcu.externaltools.gnu-tools-for-stm32.12.3.rel1.win32_1.0.200.202406191623/tools/bin/../lib/gcc/arm-none-eabi/12.3.1/../../../../arm-none-eabi/lib/thumb/v7-m/nofp\libc_nano.a
LOAD C:/Users/DELL/cubeide/STM32CubeIDE_1.16.0/STM32CubeIDE/plugins/com.st.stm32cube.ide.mcu.externaltools.gnu-tools-for-stm32.12.3.rel1.win32_1.0.200.202406191623/tools/bin/../lib/gcc/arm-none-eabi/12.3.1/../../../../arm-none-eabi/lib/thumb/v7-m/nofp\libnosys.a
END GROUP
START GROUP
LOAD C:/Users/DELL/cubeide/STM32CubeIDE_1.16.0/STM32CubeIDE/plugins/com.st.stm32cube.ide.mcu.externaltools.gnu-tools-for-stm32.12.3.rel1.win32_1.0.200.202406191623/tools/bin/../lib/gcc/arm-none-eabi/12.3.1/thumb/v7-m/nofp\libgcc.a
LOAD C:/Users/DELL/cubeide/STM32CubeIDE_1.16.0/STM32CubeIDE/plugins/com.st.stm32cube.ide.mcu.externaltools.gnu-tools-for-stm32.12.3.rel1.win32_1.0.200.202406191623/tools/bin/../lib/gcc/arm-none-eabi/12.3.1/../../../../arm-none-eabi/lib/thumb/v7-m/nofp\libc_nano.a
LOAD C:/Users/DELL/cubeide/STM32CubeIDE_1.16.0/STM32CubeIDE/plugins/com.st.stm32cube.ide.mcu.externaltools.gnu-tools-for-stm32.12.3.rel1.win32_1.0.200.202406191623/tools/bin/../lib/gcc/arm-none-eabi/12.3.1/../../../../arm-none-eabi/lib/thumb/v7-m/nofp\libnosys.a
END GROUP
LOAD C:/Users/DELL/cubeide/STM32CubeIDE_1.16.0/STM32CubeIDE/plugins/com.st.stm32cube.ide.mcu.externaltools.gnu-tools-for-stm32.12.3.rel1.win32_1.0.200.202406191623/tools/bin/../lib/gcc/arm-none-eabi/12.3.1/thumb/v7-m/nofp/crtend.o
LOAD C:/Users/DELL/cubeide/STM32CubeIDE_1.16.0/STM32CubeIDE/plugins/com.st.stm32cube.ide.mcu.externaltools.gnu-tools-for-stm32.12.3.rel1.win32_1.0.200.202406191623/tools/bin/../lib/gcc/arm-none-eabi/12.3.1/thumb/v7-m/nofp/crtn.o
                0x20005000                        _estack = (ORIGIN (RAM) + LENGTH (RAM))
                0x00000200                        _Min_Heap_Size = 0x200
                0x00000400                        _Min_Stack_Size = 0x400

.isr_vector     0x08000000      0x10c
                0x08000000                        . = ALIGN (0x4)
 *(.isr_vector)
 .isr_vector    0x08000000      0x10c ./Core/Startup/startup_stm32f103c8tx.o
                0x08000000                g_pfnVectors
                0x0800010c                        . = ALIGN (0x4)

.text           0x0800010c     0x9320
                0x0800010c                        . = ALIGN (0x4)
 *(.text)
 .text          0x0800010c       0x40 C:/Users/DELL/cubeide/STM32CubeIDE_1.16.0/STM32CubeIDE/plugins/com.st.stm32cube.ide.mcu.externaltools.gnu-tools-for-stm32.12.3.rel1.win32_1.0.200.202406191623/tools/bin/../lib/gcc/arm-none-eabi/12.3.1/thumb/v7-m/nofp/crtbegin.o
 *(.text*)
 .text.RS485_SendCommand
                0x0800014c       0x40 ./Core/Src/main.o
                0x0800014c                RS485_SendCommand
 .text.decode_ppm_2_ver2
                0x0800018c      0x122 ./Core/Src/main.o
                0x0800018c                decode_ppm_2_ver2
 *fill*         0x080002ae        0x2 
 .text.check_disconnected
                0x080002b0       0x58 ./Core/Src/main.o
                0x080002b0                check_disconnected
 .text.Change_Time_Read_Data
                0x08000308       0xbc ./Core/Src/main.o
                0x08000308                Change_Time_Read_Data
 .text.HAL_TIM_PeriodElapsedCallback
                0x080003c4       0xb8 ./Core/Src/main.o
                0x080003c4                HAL_TIM_PeriodElapsedCallback
 .text.HAL_UART_RxCpltCallback
                0x0800047c      0x124 ./Core/Src/main.o
                0x0800047c                HAL_UART_RxCpltCallback
 .text.main     0x080005a0       0x3c ./Core/Src/main.o
                0x080005a0                main
 .text.SystemClock_Config
                0x080005dc       0xb6 ./Core/Src/main.o
                0x080005dc                SystemClock_Config
 *fill*         0x08000692        0x2 
 .text.MX_TIM2_Init
                0x08000694       0x9c ./Core/Src/main.o
 .text.MX_USART1_UART_Init
                0x08000730       0x54 ./Core/Src/main.o
 .text.MX_GPIO_Init
                0x08000784       0x44 ./Core/Src/main.o
 .text.Error_Handler
                0x080007c8        0xc ./Core/Src/main.o
                0x080007c8                Error_Handler
 .text.HAL_MspInit
                0x080007d4       0x64 ./Core/Src/stm32f1xx_hal_msp.o
                0x080007d4                HAL_MspInit
 .text.HAL_TIM_Base_MspInit
                0x08000838       0x48 ./Core/Src/stm32f1xx_hal_msp.o
                0x08000838                HAL_TIM_Base_MspInit
 .text.HAL_UART_MspInit
                0x08000880       0xa8 ./Core/Src/stm32f1xx_hal_msp.o
                0x08000880                HAL_UART_MspInit
 .text.NMI_Handler
                0x08000928        0x8 ./Core/Src/stm32f1xx_it.o
                0x08000928                NMI_Handler
 .text.HardFault_Handler
                0x08000930        0x8 ./Core/Src/stm32f1xx_it.o
                0x08000930                HardFault_Handler
 .text.MemManage_Handler
                0x08000938        0x8 ./Core/Src/stm32f1xx_it.o
                0x08000938                MemManage_Handler
 .text.BusFault_Handler
                0x08000940        0x8 ./Core/Src/stm32f1xx_it.o
                0x08000940                BusFault_Handler
 .text.UsageFault_Handler
                0x08000948        0x8 ./Core/Src/stm32f1xx_it.o
                0x08000948                UsageFault_Handler
 .text.SVC_Handler
                0x08000950        0xc ./Core/Src/stm32f1xx_it.o
                0x08000950                SVC_Handler
 .text.DebugMon_Handler
                0x0800095c        0xc ./Core/Src/stm32f1xx_it.o
                0x0800095c                DebugMon_Handler
 .text.PendSV_Handler
                0x08000968        0xc ./Core/Src/stm32f1xx_it.o
                0x08000968                PendSV_Handler
 .text.SysTick_Handler
                0x08000974        0xc ./Core/Src/stm32f1xx_it.o
                0x08000974                SysTick_Handler
 .text.USB_LP_CAN1_RX0_IRQHandler
                0x08000980       0x14 ./Core/Src/stm32f1xx_it.o
                0x08000980                USB_LP_CAN1_RX0_IRQHandler
 .text.TIM2_IRQHandler
                0x08000994       0x14 ./Core/Src/stm32f1xx_it.o
                0x08000994                TIM2_IRQHandler
 .text.USART1_IRQHandler
                0x080009a8       0x14 ./Core/Src/stm32f1xx_it.o
                0x080009a8                USART1_IRQHandler
 .text.SystemInit
                0x080009bc        0xc ./Core/Src/system_stm32f1xx.o
                0x080009bc                SystemInit
 .text.Reset_Handler
                0x080009c8       0x48 ./Core/Startup/startup_stm32f103c8tx.o
                0x080009c8                Reset_Handler
 .text.Default_Handler
                0x08000a10        0x2 ./Core/Startup/startup_stm32f103c8tx.o
                0x08000a10                RTC_Alarm_IRQHandler
                0x08000a10                EXTI2_IRQHandler
                0x08000a10                TIM1_CC_IRQHandler
                0x08000a10                PVD_IRQHandler
                0x08000a10                EXTI3_IRQHandler
                0x08000a10                EXTI0_IRQHandler
                0x08000a10                I2C2_EV_IRQHandler
                0x08000a10                ADC1_2_IRQHandler
                0x08000a10                SPI1_IRQHandler
                0x08000a10                TAMPER_IRQHandler
                0x08000a10                DMA1_Channel4_IRQHandler
                0x08000a10                USART3_IRQHandler
                0x08000a10                RTC_IRQHandler
                0x08000a10                DMA1_Channel7_IRQHandler
                0x08000a10                CAN1_RX1_IRQHandler
                0x08000a10                TIM4_IRQHandler
                0x08000a10                I2C1_EV_IRQHandler
                0x08000a10                DMA1_Channel6_IRQHandler
                0x08000a10                TIM3_IRQHandler
                0x08000a10                RCC_IRQHandler
                0x08000a10                TIM1_TRG_COM_IRQHandler
                0x08000a10                DMA1_Channel1_IRQHandler
                0x08000a10                Default_Handler
                0x08000a10                EXTI15_10_IRQHandler
                0x08000a10                EXTI9_5_IRQHandler
                0x08000a10                SPI2_IRQHandler
                0x08000a10                DMA1_Channel5_IRQHandler
                0x08000a10                EXTI4_IRQHandler
                0x08000a10                USB_HP_CAN1_TX_IRQHandler
                0x08000a10                DMA1_Channel3_IRQHandler
                0x08000a10                TIM1_UP_IRQHandler
                0x08000a10                WWDG_IRQHandler
                0x08000a10                TIM1_BRK_IRQHandler
                0x08000a10                EXTI1_IRQHandler
                0x08000a10                USART2_IRQHandler
                0x08000a10                I2C2_ER_IRQHandler
                0x08000a10                DMA1_Channel2_IRQHandler
                0x08000a10                CAN1_SCE_IRQHandler
                0x08000a10                FLASH_IRQHandler
                0x08000a10                I2C1_ER_IRQHandler
                0x08000a10                USBWakeUp_IRQHandler
 *fill*         0x08000a12        0x2 
 .text.HAL_Init
                0x08000a14       0x2c ./Drivers/STM32F1xx_HAL_Driver/Src/stm32f1xx_hal.o
                0x08000a14                HAL_Init
 .text.HAL_InitTick
                0x08000a40       0x60 ./Drivers/STM32F1xx_HAL_Driver/Src/stm32f1xx_hal.o
                0x08000a40                HAL_InitTick
 .text.HAL_IncTick
                0x08000aa0       0x24 ./Drivers/STM32F1xx_HAL_Driver/Src/stm32f1xx_hal.o
                0x08000aa0                HAL_IncTick
 .text.HAL_GetTick
                0x08000ac4       0x14 ./Drivers/STM32F1xx_HAL_Driver/Src/stm32f1xx_hal.o
                0x08000ac4                HAL_GetTick
 .text.__NVIC_SetPriorityGrouping
                0x08000ad8       0x48 ./Drivers/STM32F1xx_HAL_Driver/Src/stm32f1xx_hal_cortex.o
 .text.__NVIC_GetPriorityGrouping
                0x08000b20       0x1c ./Drivers/STM32F1xx_HAL_Driver/Src/stm32f1xx_hal_cortex.o
 .text.__NVIC_EnableIRQ
                0x08000b3c       0x38 ./Drivers/STM32F1xx_HAL_Driver/Src/stm32f1xx_hal_cortex.o
 .text.__NVIC_SetPriority
                0x08000b74       0x54 ./Drivers/STM32F1xx_HAL_Driver/Src/stm32f1xx_hal_cortex.o
 .text.NVIC_EncodePriority
                0x08000bc8       0x64 ./Drivers/STM32F1xx_HAL_Driver/Src/stm32f1xx_hal_cortex.o
 .text.SysTick_Config
                0x08000c2c       0x44 ./Drivers/STM32F1xx_HAL_Driver/Src/stm32f1xx_hal_cortex.o
 .text.HAL_NVIC_SetPriorityGrouping
                0x08000c70       0x16 ./Drivers/STM32F1xx_HAL_Driver/Src/stm32f1xx_hal_cortex.o
                0x08000c70                HAL_NVIC_SetPriorityGrouping
 .text.HAL_NVIC_SetPriority
                0x08000c86       0x38 ./Drivers/STM32F1xx_HAL_Driver/Src/stm32f1xx_hal_cortex.o
                0x08000c86                HAL_NVIC_SetPriority
 .text.HAL_NVIC_EnableIRQ
                0x08000cbe       0x1c ./Drivers/STM32F1xx_HAL_Driver/Src/stm32f1xx_hal_cortex.o
                0x08000cbe                HAL_NVIC_EnableIRQ
 .text.HAL_SYSTICK_Config
                0x08000cda       0x18 ./Drivers/STM32F1xx_HAL_Driver/Src/stm32f1xx_hal_cortex.o
                0x08000cda                HAL_SYSTICK_Config
 .text.HAL_DMA_Abort
                0x08000cf2       0x76 ./Drivers/STM32F1xx_HAL_Driver/Src/stm32f1xx_hal_dma.o
                0x08000cf2                HAL_DMA_Abort
 .text.HAL_DMA_Abort_IT
                0x08000d68       0xf0 ./Drivers/STM32F1xx_HAL_Driver/Src/stm32f1xx_hal_dma.o
                0x08000d68                HAL_DMA_Abort_IT
 .text.HAL_GPIO_Init
                0x08000e58      0x308 ./Drivers/STM32F1xx_HAL_Driver/Src/stm32f1xx_hal_gpio.o
                0x08000e58                HAL_GPIO_Init
 .text.HAL_PCD_Init
                0x08001160      0x1ec ./Drivers/STM32F1xx_HAL_Driver/Src/stm32f1xx_hal_pcd.o
                0x08001160                HAL_PCD_Init
 .text.HAL_PCD_Start
                0x0800134c       0x4c ./Drivers/STM32F1xx_HAL_Driver/Src/stm32f1xx_hal_pcd.o
                0x0800134c                HAL_PCD_Start
 .text.HAL_PCD_IRQHandler
                0x08001398      0x260 ./Drivers/STM32F1xx_HAL_Driver/Src/stm32f1xx_hal_pcd.o
                0x08001398                HAL_PCD_IRQHandler
 .text.HAL_PCD_SetAddress
                0x080015f8       0x48 ./Drivers/STM32F1xx_HAL_Driver/Src/stm32f1xx_hal_pcd.o
                0x080015f8                HAL_PCD_SetAddress
 .text.HAL_PCD_EP_Open
                0x08001640       0xba ./Drivers/STM32F1xx_HAL_Driver/Src/stm32f1xx_hal_pcd.o
                0x08001640                HAL_PCD_EP_Open
 .text.HAL_PCD_EP_Close
                0x080016fa       0x90 ./Drivers/STM32F1xx_HAL_Driver/Src/stm32f1xx_hal_pcd.o
                0x080016fa                HAL_PCD_EP_Close
 .text.HAL_PCD_EP_Receive
                0x0800178a       0x62 ./Drivers/STM32F1xx_HAL_Driver/Src/stm32f1xx_hal_pcd.o
                0x0800178a                HAL_PCD_EP_Receive
 .text.HAL_PCD_EP_GetRxCount
                0x080017ec       0x2e ./Drivers/STM32F1xx_HAL_Driver/Src/stm32f1xx_hal_pcd.o
                0x080017ec                HAL_PCD_EP_GetRxCount
 .text.HAL_PCD_EP_Transmit
                0x0800181a       0x6e ./Drivers/STM32F1xx_HAL_Driver/Src/stm32f1xx_hal_pcd.o
                0x0800181a                HAL_PCD_EP_Transmit
 .text.HAL_PCD_EP_SetStall
                0x08001888       0xc0 ./Drivers/STM32F1xx_HAL_Driver/Src/stm32f1xx_hal_pcd.o
                0x08001888                HAL_PCD_EP_SetStall
 .text.HAL_PCD_EP_ClrStall
                0x08001948       0xa8 ./Drivers/STM32F1xx_HAL_Driver/Src/stm32f1xx_hal_pcd.o
                0x08001948                HAL_PCD_EP_ClrStall
 .text.PCD_EP_ISR_Handler
                0x080019f0      0x79e ./Drivers/STM32F1xx_HAL_Driver/Src/stm32f1xx_hal_pcd.o
 .text.HAL_PCD_EP_DB_Receive
                0x0800218e      0x21a ./Drivers/STM32F1xx_HAL_Driver/Src/stm32f1xx_hal_pcd.o
 .text.HAL_PCD_EP_DB_Transmit
                0x080023a8      0x7f4 ./Drivers/STM32F1xx_HAL_Driver/Src/stm32f1xx_hal_pcd.o
 .text.HAL_PCDEx_PMAConfig
                0x08002b9c       0x84 ./Drivers/STM32F1xx_HAL_Driver/Src/stm32f1xx_hal_pcd_ex.o
                0x08002b9c                HAL_PCDEx_PMAConfig
 .text.HAL_RCC_OscConfig
                0x08002c20      0x504 ./Drivers/STM32F1xx_HAL_Driver/Src/stm32f1xx_hal_rcc.o
                0x08002c20                HAL_RCC_OscConfig
 .text.HAL_RCC_ClockConfig
                0x08003124      0x1d4 ./Drivers/STM32F1xx_HAL_Driver/Src/stm32f1xx_hal_rcc.o
                0x08003124                HAL_RCC_ClockConfig
 .text.HAL_RCC_GetSysClockFreq
                0x080032f8       0xa8 ./Drivers/STM32F1xx_HAL_Driver/Src/stm32f1xx_hal_rcc.o
                0x080032f8                HAL_RCC_GetSysClockFreq
 .text.HAL_RCC_GetHCLKFreq
                0x080033a0       0x14 ./Drivers/STM32F1xx_HAL_Driver/Src/stm32f1xx_hal_rcc.o
                0x080033a0                HAL_RCC_GetHCLKFreq
 .text.HAL_RCC_GetPCLK1Freq
                0x080033b4       0x28 ./Drivers/STM32F1xx_HAL_Driver/Src/stm32f1xx_hal_rcc.o
                0x080033b4                HAL_RCC_GetPCLK1Freq
 .text.HAL_RCC_GetPCLK2Freq
                0x080033dc       0x28 ./Drivers/STM32F1xx_HAL_Driver/Src/stm32f1xx_hal_rcc.o
                0x080033dc                HAL_RCC_GetPCLK2Freq
 .text.RCC_Delay
                0x08003404       0x3c ./Drivers/STM32F1xx_HAL_Driver/Src/stm32f1xx_hal_rcc.o
 .text.HAL_RCCEx_PeriphCLKConfig
                0x08003440      0x16c ./Drivers/STM32F1xx_HAL_Driver/Src/stm32f1xx_hal_rcc_ex.o
                0x08003440                HAL_RCCEx_PeriphCLKConfig
 .text.HAL_TIM_Base_Init
                0x080035ac       0x9e ./Drivers/STM32F1xx_HAL_Driver/Src/stm32f1xx_hal_tim.o
                0x080035ac                HAL_TIM_Base_Init
 *fill*         0x0800364a        0x2 
 .text.HAL_TIM_Base_Start_IT
                0x0800364c       0xa4 ./Drivers/STM32F1xx_HAL_Driver/Src/stm32f1xx_hal_tim.o
                0x0800364c                HAL_TIM_Base_Start_IT
 .text.HAL_TIM_Base_Stop_IT
                0x080036f0       0x5c ./Drivers/STM32F1xx_HAL_Driver/Src/stm32f1xx_hal_tim.o
                0x080036f0                HAL_TIM_Base_Stop_IT
 .text.HAL_TIM_IRQHandler
                0x0800374c      0x1e0 ./Drivers/STM32F1xx_HAL_Driver/Src/stm32f1xx_hal_tim.o
                0x0800374c                HAL_TIM_IRQHandler
 .text.HAL_TIM_ConfigClockSource
                0x0800392c      0x18e ./Drivers/STM32F1xx_HAL_Driver/Src/stm32f1xx_hal_tim.o
                0x0800392c                HAL_TIM_ConfigClockSource
 .text.HAL_TIM_OC_DelayElapsedCallback
                0x08003aba       0x12 ./Drivers/STM32F1xx_HAL_Driver/Src/stm32f1xx_hal_tim.o
                0x08003aba                HAL_TIM_OC_DelayElapsedCallback
 .text.HAL_TIM_IC_CaptureCallback
                0x08003acc       0x12 ./Drivers/STM32F1xx_HAL_Driver/Src/stm32f1xx_hal_tim.o
                0x08003acc                HAL_TIM_IC_CaptureCallback
 .text.HAL_TIM_PWM_PulseFinishedCallback
                0x08003ade       0x12 ./Drivers/STM32F1xx_HAL_Driver/Src/stm32f1xx_hal_tim.o
                0x08003ade                HAL_TIM_PWM_PulseFinishedCallback
 .text.HAL_TIM_TriggerCallback
                0x08003af0       0x12 ./Drivers/STM32F1xx_HAL_Driver/Src/stm32f1xx_hal_tim.o
                0x08003af0                HAL_TIM_TriggerCallback
 *fill*         0x08003b02        0x2 
 .text.TIM_Base_SetConfig
                0x08003b04       0xdc ./Drivers/STM32F1xx_HAL_Driver/Src/stm32f1xx_hal_tim.o
                0x08003b04                TIM_Base_SetConfig
 .text.TIM_TI1_ConfigInputStage
                0x08003be0       0x5c ./Drivers/STM32F1xx_HAL_Driver/Src/stm32f1xx_hal_tim.o
 .text.TIM_TI2_ConfigInputStage
                0x08003c3c       0x5e ./Drivers/STM32F1xx_HAL_Driver/Src/stm32f1xx_hal_tim.o
 .text.TIM_ITRx_SetConfig
                0x08003c9a       0x34 ./Drivers/STM32F1xx_HAL_Driver/Src/stm32f1xx_hal_tim.o
 .text.TIM_ETR_SetConfig
                0x08003cce       0x3e ./Drivers/STM32F1xx_HAL_Driver/Src/stm32f1xx_hal_tim.o
                0x08003cce                TIM_ETR_SetConfig
 .text.HAL_TIMEx_MasterConfigSynchronization
                0x08003d0c       0xbc ./Drivers/STM32F1xx_HAL_Driver/Src/stm32f1xx_hal_tim_ex.o
                0x08003d0c                HAL_TIMEx_MasterConfigSynchronization
 .text.HAL_TIMEx_CommutCallback
                0x08003dc8       0x12 ./Drivers/STM32F1xx_HAL_Driver/Src/stm32f1xx_hal_tim_ex.o
                0x08003dc8                HAL_TIMEx_CommutCallback
 .text.HAL_TIMEx_BreakCallback
                0x08003dda       0x12 ./Drivers/STM32F1xx_HAL_Driver/Src/stm32f1xx_hal_tim_ex.o
                0x08003dda                HAL_TIMEx_BreakCallback
 .text.HAL_UART_Init
                0x08003dec       0xa0 ./Drivers/STM32F1xx_HAL_Driver/Src/stm32f1xx_hal_uart.o
                0x08003dec                HAL_UART_Init
 .text.HAL_UART_Transmit
                0x08003e8c      0x116 ./Drivers/STM32F1xx_HAL_Driver/Src/stm32f1xx_hal_uart.o
                0x08003e8c                HAL_UART_Transmit
 .text.HAL_UART_Receive_IT
                0x08003fa2       0x4a ./Drivers/STM32F1xx_HAL_Driver/Src/stm32f1xx_hal_uart.o
                0x08003fa2                HAL_UART_Receive_IT
 .text.HAL_UART_IRQHandler
                0x08003fec      0x524 ./Drivers/STM32F1xx_HAL_Driver/Src/stm32f1xx_hal_uart.o
                0x08003fec                HAL_UART_IRQHandler
 .text.HAL_UART_TxCpltCallback
                0x08004510       0x12 ./Drivers/STM32F1xx_HAL_Driver/Src/stm32f1xx_hal_uart.o
                0x08004510                HAL_UART_TxCpltCallback
 .text.HAL_UART_ErrorCallback
                0x08004522       0x12 ./Drivers/STM32F1xx_HAL_Driver/Src/stm32f1xx_hal_uart.o
                0x08004522                HAL_UART_ErrorCallback
 .text.HAL_UARTEx_RxEventCallback
                0x08004534       0x16 ./Drivers/STM32F1xx_HAL_Driver/Src/stm32f1xx_hal_uart.o
                0x08004534                HAL_UARTEx_RxEventCallback
 .text.UART_WaitOnFlagUntilTimeout
                0x0800454a       0xb2 ./Drivers/STM32F1xx_HAL_Driver/Src/stm32f1xx_hal_uart.o
 .text.UART_Start_Receive_IT
                0x080045fc       0x72 ./Drivers/STM32F1xx_HAL_Driver/Src/stm32f1xx_hal_uart.o
                0x080045fc                UART_Start_Receive_IT
 .text.UART_EndRxTransfer
                0x0800466e       0xc4 ./Drivers/STM32F1xx_HAL_Driver/Src/stm32f1xx_hal_uart.o
 .text.UART_DMAAbortOnError
                0x08004732       0x28 ./Drivers/STM32F1xx_HAL_Driver/Src/stm32f1xx_hal_uart.o
 .text.UART_Transmit_IT
                0x0800475a       0x9e ./Drivers/STM32F1xx_HAL_Driver/Src/stm32f1xx_hal_uart.o
 .text.UART_EndTransmit_IT
                0x080047f8       0x30 ./Drivers/STM32F1xx_HAL_Driver/Src/stm32f1xx_hal_uart.o
 .text.UART_Receive_IT
                0x08004828      0x17c ./Drivers/STM32F1xx_HAL_Driver/Src/stm32f1xx_hal_uart.o
 .text.UART_SetConfig
                0x080049a4      0x11c ./Drivers/STM32F1xx_HAL_Driver/Src/stm32f1xx_hal_uart.o
 .text.USB_CoreInit
                0x08004ac0       0x1a ./Drivers/STM32F1xx_HAL_Driver/Src/stm32f1xx_ll_usb.o
                0x08004ac0                USB_CoreInit
 .text.USB_EnableGlobalInt
                0x08004ada       0x2c ./Drivers/STM32F1xx_HAL_Driver/Src/stm32f1xx_ll_usb.o
                0x08004ada                USB_EnableGlobalInt
 .text.USB_DisableGlobalInt
                0x08004b06       0x34 ./Drivers/STM32F1xx_HAL_Driver/Src/stm32f1xx_ll_usb.o
                0x08004b06                USB_DisableGlobalInt
 .text.USB_SetCurrentMode
                0x08004b3a       0x18 ./Drivers/STM32F1xx_HAL_Driver/Src/stm32f1xx_ll_usb.o
                0x08004b3a                USB_SetCurrentMode
 .text.USB_DevInit
                0x08004b52       0x3a ./Drivers/STM32F1xx_HAL_Driver/Src/stm32f1xx_ll_usb.o
                0x08004b52                USB_DevInit
 .text.USB_ActivateEndpoint
                0x08004b8c      0x780 ./Drivers/STM32F1xx_HAL_Driver/Src/stm32f1xx_ll_usb.o
                0x08004b8c                USB_ActivateEndpoint
 .text.USB_DeactivateEndpoint
                0x0800530c      0x3d8 ./Drivers/STM32F1xx_HAL_Driver/Src/stm32f1xx_ll_usb.o
                0x0800530c                USB_DeactivateEndpoint
 .text.USB_EPStartXfer
                0x080056e4     0x1762 ./Drivers/STM32F1xx_HAL_Driver/Src/stm32f1xx_ll_usb.o
                0x080056e4                USB_EPStartXfer
 .text.USB_EPSetStall
                0x08006e46       0xa0 ./Drivers/STM32F1xx_HAL_Driver/Src/stm32f1xx_ll_usb.o
                0x08006e46                USB_EPSetStall
 .text.USB_EPClearStall
                0x08006ee6      0x15a ./Drivers/STM32F1xx_HAL_Driver/Src/stm32f1xx_ll_usb.o
                0x08006ee6                USB_EPClearStall
 .text.USB_SetDevAddress
                0x08007040       0x26 ./Drivers/STM32F1xx_HAL_Driver/Src/stm32f1xx_ll_usb.o
                0x08007040                USB_SetDevAddress
 .text.USB_DevConnect
                0x08007066       0x14 ./Drivers/STM32F1xx_HAL_Driver/Src/stm32f1xx_ll_usb.o
                0x08007066                USB_DevConnect
 .text.USB_DevDisconnect
                0x0800707a       0x14 ./Drivers/STM32F1xx_HAL_Driver/Src/stm32f1xx_ll_usb.o
                0x0800707a                USB_DevDisconnect
 .text.USB_ReadInterrupts
                0x0800708e       0x1e ./Drivers/STM32F1xx_HAL_Driver/Src/stm32f1xx_ll_usb.o
                0x0800708e                USB_ReadInterrupts
 .text.USB_EP0_OutStart
                0x080070ac       0x16 ./Drivers/STM32F1xx_HAL_Driver/Src/stm32f1xx_ll_usb.o
                0x080070ac                USB_EP0_OutStart
 .text.USB_WritePMA
                0x080070c2       0x8a ./Drivers/STM32F1xx_HAL_Driver/Src/stm32f1xx_ll_usb.o
                0x080070c2                USB_WritePMA
 .text.USB_ReadPMA
                0x0800714c       0x9e ./Drivers/STM32F1xx_HAL_Driver/Src/stm32f1xx_ll_usb.o
                0x0800714c                USB_ReadPMA
 .text.USBD_CDC_Init
                0x080071ea       0xf4 ./Middlewares/ST/STM32_USB_Device_Library/Class/CDC/Src/usbd_cdc.o
 .text.USBD_CDC_DeInit
                0x080072de       0x6e ./Middlewares/ST/STM32_USB_Device_Library/Class/CDC/Src/usbd_cdc.o
 .text.USBD_CDC_Setup
                0x0800734c      0x146 ./Middlewares/ST/STM32_USB_Device_Library/Class/CDC/Src/usbd_cdc.o
 .text.USBD_CDC_DataIn
                0x08007492       0xa6 ./Middlewares/ST/STM32_USB_Device_Library/Class/CDC/Src/usbd_cdc.o
 .text.USBD_CDC_DataOut
                0x08007538       0x56 ./Middlewares/ST/STM32_USB_Device_Library/Class/CDC/Src/usbd_cdc.o
 .text.USBD_CDC_EP0_RxReady
                0x0800758e       0x4e ./Middlewares/ST/STM32_USB_Device_Library/Class/CDC/Src/usbd_cdc.o
 .text.USBD_CDC_GetFSCfgDesc
                0x080075dc       0x20 ./Middlewares/ST/STM32_USB_Device_Library/Class/CDC/Src/usbd_cdc.o
 .text.USBD_CDC_GetHSCfgDesc
                0x080075fc       0x20 ./Middlewares/ST/STM32_USB_Device_Library/Class/CDC/Src/usbd_cdc.o
 .text.USBD_CDC_GetOtherSpeedCfgDesc
                0x0800761c       0x20 ./Middlewares/ST/STM32_USB_Device_Library/Class/CDC/Src/usbd_cdc.o
 .text.USBD_CDC_GetDeviceQualifierDescriptor
                0x0800763c       0x20 ./Middlewares/ST/STM32_USB_Device_Library/Class/CDC/Src/usbd_cdc.o
                0x0800763c                USBD_CDC_GetDeviceQualifierDescriptor
 .text.USBD_CDC_RegisterInterface
                0x0800765c       0x2c ./Middlewares/ST/STM32_USB_Device_Library/Class/CDC/Src/usbd_cdc.o
                0x0800765c                USBD_CDC_RegisterInterface
 .text.USBD_CDC_SetTxBuffer
                0x08007688       0x32 ./Middlewares/ST/STM32_USB_Device_Library/Class/CDC/Src/usbd_cdc.o
                0x08007688                USBD_CDC_SetTxBuffer
 .text.USBD_CDC_SetRxBuffer
                0x080076ba       0x26 ./Middlewares/ST/STM32_USB_Device_Library/Class/CDC/Src/usbd_cdc.o
                0x080076ba                USBD_CDC_SetRxBuffer
 .text.USBD_CDC_TransmitPacket
                0x080076e0       0x5e ./Middlewares/ST/STM32_USB_Device_Library/Class/CDC/Src/usbd_cdc.o
                0x080076e0                USBD_CDC_TransmitPacket
 .text.USBD_CDC_ReceivePacket
                0x0800773e       0x54 ./Middlewares/ST/STM32_USB_Device_Library/Class/CDC/Src/usbd_cdc.o
                0x0800773e                USBD_CDC_ReceivePacket
 .text.USBD_Init
                0x08007792       0x56 ./Middlewares/ST/STM32_USB_Device_Library/Core/Src/usbd_core.o
                0x08007792                USBD_Init
 .text.USBD_RegisterClass
                0x080077e8       0x32 ./Middlewares/ST/STM32_USB_Device_Library/Core/Src/usbd_core.o
                0x080077e8                USBD_RegisterClass
 .text.USBD_Start
                0x0800781a       0x18 ./Middlewares/ST/STM32_USB_Device_Library/Core/Src/usbd_core.o
                0x0800781a                USBD_Start
 .text.USBD_RunTestMode
                0x08007832       0x14 ./Middlewares/ST/STM32_USB_Device_Library/Core/Src/usbd_core.o
                0x08007832                USBD_RunTestMode
 .text.USBD_SetClassConfig
                0x08007846       0x3e ./Middlewares/ST/STM32_USB_Device_Library/Core/Src/usbd_core.o
                0x08007846                USBD_SetClassConfig
 .text.USBD_ClrClassConfig
                0x08007884       0x26 ./Middlewares/ST/STM32_USB_Device_Library/Core/Src/usbd_core.o
                0x08007884                USBD_ClrClassConfig
 .text.USBD_LL_SetupStage
                0x080078aa       0x9a ./Middlewares/ST/STM32_USB_Device_Library/Core/Src/usbd_core.o
                0x080078aa                USBD_LL_SetupStage
 .text.USBD_LL_DataOutStage
                0x08007944       0xe2 ./Middlewares/ST/STM32_USB_Device_Library/Core/Src/usbd_core.o
                0x08007944                USBD_LL_DataOutStage
 .text.USBD_LL_DataInStage
                0x08007a26      0x14a ./Middlewares/ST/STM32_USB_Device_Library/Core/Src/usbd_core.o
                0x08007a26                USBD_LL_DataInStage
 .text.USBD_LL_Reset
                0x08007b70       0x82 ./Middlewares/ST/STM32_USB_Device_Library/Core/Src/usbd_core.o
                0x08007b70                USBD_LL_Reset
 .text.USBD_LL_SetSpeed
                0x08007bf2       0x1e ./Middlewares/ST/STM32_USB_Device_Library/Core/Src/usbd_core.o
                0x08007bf2                USBD_LL_SetSpeed
 .text.USBD_LL_Suspend
                0x08007c10       0x28 ./Middlewares/ST/STM32_USB_Device_Library/Core/Src/usbd_core.o
                0x08007c10                USBD_LL_Suspend
 .text.USBD_LL_Resume
                0x08007c38       0x2a ./Middlewares/ST/STM32_USB_Device_Library/Core/Src/usbd_core.o
                0x08007c38                USBD_LL_Resume
 .text.USBD_LL_SOF
                0x08007c62       0x34 ./Middlewares/ST/STM32_USB_Device_Library/Core/Src/usbd_core.o
                0x08007c62                USBD_LL_SOF
 *fill*         0x08007c96        0x2 
 .text.USBD_StdDevReq
                0x08007c98       0xd4 ./Middlewares/ST/STM32_USB_Device_Library/Core/Src/usbd_ctlreq.o
                0x08007c98                USBD_StdDevReq
 .text.USBD_StdItfReq
                0x08007d6c       0x90 ./Middlewares/ST/STM32_USB_Device_Library/Core/Src/usbd_ctlreq.o
                0x08007d6c                USBD_StdItfReq
 .text.USBD_StdEPReq
                0x08007dfc      0x2c6 ./Middlewares/ST/STM32_USB_Device_Library/Core/Src/usbd_ctlreq.o
                0x08007dfc                USBD_StdEPReq
 *fill*         0x080080c2        0x2 
 .text.USBD_GetDescriptor
                0x080080c4      0x2d0 ./Middlewares/ST/STM32_USB_Device_Library/Core/Src/usbd_ctlreq.o
 .text.USBD_SetAddress
                0x08008394       0x86 ./Middlewares/ST/STM32_USB_Device_Library/Core/Src/usbd_ctlreq.o
 *fill*         0x0800841a        0x2 
 .text.USBD_SetConfig
                0x0800841c      0x11c ./Middlewares/ST/STM32_USB_Device_Library/Core/Src/usbd_ctlreq.o
 .text.USBD_GetConfig
                0x08008538       0x6a ./Middlewares/ST/STM32_USB_Device_Library/Core/Src/usbd_ctlreq.o
 .text.USBD_GetStatus
                0x080085a2       0x66 ./Middlewares/ST/STM32_USB_Device_Library/Core/Src/usbd_ctlreq.o
 .text.USBD_SetFeature
                0x08008608       0x28 ./Middlewares/ST/STM32_USB_Device_Library/Core/Src/usbd_ctlreq.o
 .text.USBD_ClrFeature
                0x08008630       0x42 ./Middlewares/ST/STM32_USB_Device_Library/Core/Src/usbd_ctlreq.o
 .text.USBD_ParseSetupRequest
                0x08008672       0x72 ./Middlewares/ST/STM32_USB_Device_Library/Core/Src/usbd_ctlreq.o
                0x08008672                USBD_ParseSetupRequest
 .text.USBD_CtlError
                0x080086e4       0x22 ./Middlewares/ST/STM32_USB_Device_Library/Core/Src/usbd_ctlreq.o
                0x080086e4                USBD_CtlError
 .text.USBD_GetString
                0x08008706       0x84 ./Middlewares/ST/STM32_USB_Device_Library/Core/Src/usbd_ctlreq.o
                0x08008706                USBD_GetString
 .text.USBD_GetLen
                0x0800878a       0x2e ./Middlewares/ST/STM32_USB_Device_Library/Core/Src/usbd_ctlreq.o
 .text.USBD_CtlSendData
                0x080087b8       0x38 ./Middlewares/ST/STM32_USB_Device_Library/Core/Src/usbd_ioreq.o
                0x080087b8                USBD_CtlSendData
 .text.USBD_CtlContinueSendData
                0x080087f0       0x24 ./Middlewares/ST/STM32_USB_Device_Library/Core/Src/usbd_ioreq.o
                0x080087f0                USBD_CtlContinueSendData
 .text.USBD_CtlPrepareRx
                0x08008814       0x3c ./Middlewares/ST/STM32_USB_Device_Library/Core/Src/usbd_ioreq.o
                0x08008814                USBD_CtlPrepareRx
 .text.USBD_CtlContinueRx
                0x08008850       0x24 ./Middlewares/ST/STM32_USB_Device_Library/Core/Src/usbd_ioreq.o
                0x08008850                USBD_CtlContinueRx
 .text.USBD_CtlSendStatus
                0x08008874       0x26 ./Middlewares/ST/STM32_USB_Device_Library/Core/Src/usbd_ioreq.o
                0x08008874                USBD_CtlSendStatus
 .text.USBD_CtlReceiveStatus
                0x0800889a       0x26 ./Middlewares/ST/STM32_USB_Device_Library/Core/Src/usbd_ioreq.o
                0x0800889a                USBD_CtlReceiveStatus
 .text.MX_USB_DEVICE_Init
                0x080088c0       0x60 ./USB_DEVICE/App/usb_device.o
                0x080088c0                MX_USB_DEVICE_Init
 .text.CDC_Init_FS
                0x08008920       0x28 ./USB_DEVICE/App/usbd_cdc_if.o
 .text.CDC_DeInit_FS
                0x08008948        0xe ./USB_DEVICE/App/usbd_cdc_if.o
 *fill*         0x08008956        0x2 
 .text.CDC_Control_FS
                0x08008958       0xbc ./USB_DEVICE/App/usbd_cdc_if.o
 .text.CDC_Receive_FS
                0x08008a14       0x7c ./USB_DEVICE/App/usbd_cdc_if.o
 .text.CDC_Transmit_FS
                0x08008a90       0x4c ./USB_DEVICE/App/usbd_cdc_if.o
                0x08008a90                CDC_Transmit_FS
 .text.USBD_FS_DeviceDescriptor
                0x08008adc       0x24 ./USB_DEVICE/App/usbd_desc.o
                0x08008adc                USBD_FS_DeviceDescriptor
 .text.USBD_FS_LangIDStrDescriptor
                0x08008b00       0x24 ./USB_DEVICE/App/usbd_desc.o
                0x08008b00                USBD_FS_LangIDStrDescriptor
 .text.USBD_FS_ProductStrDescriptor
                0x08008b24       0x3c ./USB_DEVICE/App/usbd_desc.o
                0x08008b24                USBD_FS_ProductStrDescriptor
 .text.USBD_FS_ManufacturerStrDescriptor
                0x08008b60       0x28 ./USB_DEVICE/App/usbd_desc.o
                0x08008b60                USBD_FS_ManufacturerStrDescriptor
 .text.USBD_FS_SerialStrDescriptor
                0x08008b88       0x24 ./USB_DEVICE/App/usbd_desc.o
                0x08008b88                USBD_FS_SerialStrDescriptor
 .text.USBD_FS_ConfigStrDescriptor
                0x08008bac       0x3c ./USB_DEVICE/App/usbd_desc.o
                0x08008bac                USBD_FS_ConfigStrDescriptor
 .text.USBD_FS_InterfaceStrDescriptor
                0x08008be8       0x3c ./USB_DEVICE/App/usbd_desc.o
                0x08008be8                USBD_FS_InterfaceStrDescriptor
 .text.Get_SerialNum
                0x08008c24       0x58 ./USB_DEVICE/App/usbd_desc.o
 .text.IntToUnicode
                0x08008c7c       0x7c ./USB_DEVICE/App/usbd_desc.o
 .text.HAL_PCD_MspInit
                0x08008cf8       0x4c ./USB_DEVICE/Target/usbd_conf.o
                0x08008cf8                HAL_PCD_MspInit
 .text.HAL_PCD_SetupStageCallback
                0x08008d44       0x24 ./USB_DEVICE/Target/usbd_conf.o
                0x08008d44                HAL_PCD_SetupStageCallback
 .text.HAL_PCD_DataOutStageCallback
                0x08008d68       0x36 ./USB_DEVICE/Target/usbd_conf.o
                0x08008d68                HAL_PCD_DataOutStageCallback
 .text.HAL_PCD_DataInStageCallback
                0x08008d9e       0x34 ./USB_DEVICE/Target/usbd_conf.o
                0x08008d9e                HAL_PCD_DataInStageCallback
 .text.HAL_PCD_SOFCallback
                0x08008dd2       0x1c ./USB_DEVICE/Target/usbd_conf.o
                0x08008dd2                HAL_PCD_SOFCallback
 .text.HAL_PCD_ResetCallback
                0x08008dee       0x3c ./USB_DEVICE/Target/usbd_conf.o
                0x08008dee                HAL_PCD_ResetCallback
 *fill*         0x08008e2a        0x2 
 .text.HAL_PCD_SuspendCallback
                0x08008e2c       0x34 ./USB_DEVICE/Target/usbd_conf.o
                0x08008e2c                HAL_PCD_SuspendCallback
 .text.HAL_PCD_ResumeCallback
                0x08008e60       0x1c ./USB_DEVICE/Target/usbd_conf.o
                0x08008e60                HAL_PCD_ResumeCallback
 .text.USBD_LL_Init
                0x08008e7c       0xb4 ./USB_DEVICE/Target/usbd_conf.o
                0x08008e7c                USBD_LL_Init
 .text.USBD_LL_Start
                0x08008f30       0x36 ./USB_DEVICE/Target/usbd_conf.o
                0x08008f30                USBD_LL_Start
 .text.USBD_LL_OpenEP
                0x08008f66       0x4c ./USB_DEVICE/Target/usbd_conf.o
                0x08008f66                USBD_LL_OpenEP
 .text.USBD_LL_CloseEP
                0x08008fb2       0x3e ./USB_DEVICE/Target/usbd_conf.o
                0x08008fb2                USBD_LL_CloseEP
 .text.USBD_LL_StallEP
                0x08008ff0       0x3e ./USB_DEVICE/Target/usbd_conf.o
                0x08008ff0                USBD_LL_StallEP
 .text.USBD_LL_ClearStallEP
                0x0800902e       0x3e ./USB_DEVICE/Target/usbd_conf.o
                0x0800902e                USBD_LL_ClearStallEP
 .text.USBD_LL_IsStallEP
                0x0800906c       0x56 ./USB_DEVICE/Target/usbd_conf.o
                0x0800906c                USBD_LL_IsStallEP
 .text.USBD_LL_SetUSBAddress
                0x080090c2       0x3e ./USB_DEVICE/Target/usbd_conf.o
                0x080090c2                USBD_LL_SetUSBAddress
 .text.USBD_LL_Transmit
                0x08009100       0x46 ./USB_DEVICE/Target/usbd_conf.o
                0x08009100                USBD_LL_Transmit
 .text.USBD_LL_PrepareReceive
                0x08009146       0x46 ./USB_DEVICE/Target/usbd_conf.o
                0x08009146                USBD_LL_PrepareReceive
 .text.USBD_LL_GetRxDataSize
                0x0800918c       0x26 ./USB_DEVICE/Target/usbd_conf.o
                0x0800918c                USBD_LL_GetRxDataSize
 *fill*         0x080091b2        0x2 
 .text.USBD_static_malloc
                0x080091b4       0x18 ./USB_DEVICE/Target/usbd_conf.o
                0x080091b4                USBD_static_malloc
 .text.USBD_static_free
                0x080091cc       0x12 ./USB_DEVICE/Target/usbd_conf.o
                0x080091cc                USBD_static_free
 .text.HAL_PCDEx_SetConnectionState
                0x080091de       0x16 ./USB_DEVICE/Target/usbd_conf.o
                0x080091de                HAL_PCDEx_SetConnectionState
 .text.USBD_Get_USB_Status
                0x080091f4       0x58 ./USB_DEVICE/Target/usbd_conf.o
 .text.atoi     0x0800924c        0x8 C:/Users/DELL/cubeide/STM32CubeIDE_1.16.0/STM32CubeIDE/plugins/com.st.stm32cube.ide.mcu.externaltools.gnu-tools-for-stm32.12.3.rel1.win32_1.0.200.202406191623/tools/bin/../lib/gcc/arm-none-eabi/12.3.1/../../../../arm-none-eabi/lib/thumb/v7-m/nofp\libc_nano.a(libc_a-atoi.o)
                0x0800924c                atoi
 .text._strtol_l.constprop.0
                0x08009254       0xf4 C:/Users/DELL/cubeide/STM32CubeIDE_1.16.0/STM32CubeIDE/plugins/com.st.stm32cube.ide.mcu.externaltools.gnu-tools-for-stm32.12.3.rel1.win32_1.0.200.202406191623/tools/bin/../lib/gcc/arm-none-eabi/12.3.1/../../../../arm-none-eabi/lib/thumb/v7-m/nofp\libc_nano.a(libc_a-strtol.o)
 .text.strtol   0x08009348       0x14 C:/Users/DELL/cubeide/STM32CubeIDE_1.16.0/STM32CubeIDE/plugins/com.st.stm32cube.ide.mcu.externaltools.gnu-tools-for-stm32.12.3.rel1.win32_1.0.200.202406191623/tools/bin/../lib/gcc/arm-none-eabi/12.3.1/../../../../arm-none-eabi/lib/thumb/v7-m/nofp\libc_nano.a(libc_a-strtol.o)
                0x08009348                strtol
 .text.memset   0x0800935c       0x10 C:/Users/DELL/cubeide/STM32CubeIDE_1.16.0/STM32CubeIDE/plugins/com.st.stm32cube.ide.mcu.externaltools.gnu-tools-for-stm32.12.3.rel1.win32_1.0.200.202406191623/tools/bin/../lib/gcc/arm-none-eabi/12.3.1/../../../../arm-none-eabi/lib/thumb/v7-m/nofp\libc_nano.a(libc_a-memset.o)
                0x0800935c                memset
 .text.strncpy  0x0800936c       0x26 C:/Users/DELL/cubeide/STM32CubeIDE_1.16.0/STM32CubeIDE/plugins/com.st.stm32cube.ide.mcu.externaltools.gnu-tools-for-stm32.12.3.rel1.win32_1.0.200.202406191623/tools/bin/../lib/gcc/arm-none-eabi/12.3.1/../../../../arm-none-eabi/lib/thumb/v7-m/nofp\libc_nano.a(libc_a-strncpy.o)
                0x0800936c                strncpy
 *fill*         0x08009392        0x2 
 .text.__errno  0x08009394        0xc C:/Users/DELL/cubeide/STM32CubeIDE_1.16.0/STM32CubeIDE/plugins/com.st.stm32cube.ide.mcu.externaltools.gnu-tools-for-stm32.12.3.rel1.win32_1.0.200.202406191623/tools/bin/../lib/gcc/arm-none-eabi/12.3.1/../../../../arm-none-eabi/lib/thumb/v7-m/nofp\libc_nano.a(libc_a-errno.o)
                0x08009394                __errno
 .text.__libc_init_array
                0x080093a0       0x48 C:/Users/DELL/cubeide/STM32CubeIDE_1.16.0/STM32CubeIDE/plugins/com.st.stm32cube.ide.mcu.externaltools.gnu-tools-for-stm32.12.3.rel1.win32_1.0.200.202406191623/tools/bin/../lib/gcc/arm-none-eabi/12.3.1/../../../../arm-none-eabi/lib/thumb/v7-m/nofp\libc_nano.a(libc_a-init.o)
                0x080093a0                __libc_init_array
 .text.strcpy   0x080093e8       0x10 C:/Users/DELL/cubeide/STM32CubeIDE_1.16.0/STM32CubeIDE/plugins/com.st.stm32cube.ide.mcu.externaltools.gnu-tools-for-stm32.12.3.rel1.win32_1.0.200.202406191623/tools/bin/../lib/gcc/arm-none-eabi/12.3.1/../../../../arm-none-eabi/lib/thumb/v7-m/nofp\libc_nano.a(libc_a-strcpy.o)
                0x080093e8                strcpy
 .text.memcpy   0x080093f8       0x1c C:/Users/DELL/cubeide/STM32CubeIDE_1.16.0/STM32CubeIDE/plugins/com.st.stm32cube.ide.mcu.externaltools.gnu-tools-for-stm32.12.3.rel1.win32_1.0.200.202406191623/tools/bin/../lib/gcc/arm-none-eabi/12.3.1/../../../../arm-none-eabi/lib/thumb/v7-m/nofp\libc_nano.a(libc_a-memcpy-stub.o)
                0x080093f8                memcpy
 *(.glue_7)
 .glue_7        0x08009414        0x0 linker stubs
 *(.glue_7t)
 .glue_7t       0x08009414        0x0 linker stubs
 *(.eh_frame)
 .eh_frame      0x08009414        0x0 C:/Users/DELL/cubeide/STM32CubeIDE_1.16.0/STM32CubeIDE/plugins/com.st.stm32cube.ide.mcu.externaltools.gnu-tools-for-stm32.12.3.rel1.win32_1.0.200.202406191623/tools/bin/../lib/gcc/arm-none-eabi/12.3.1/thumb/v7-m/nofp/crtbegin.o
 *(.init)
 .init          0x08009414        0x4 C:/Users/DELL/cubeide/STM32CubeIDE_1.16.0/STM32CubeIDE/plugins/com.st.stm32cube.ide.mcu.externaltools.gnu-tools-for-stm32.12.3.rel1.win32_1.0.200.202406191623/tools/bin/../lib/gcc/arm-none-eabi/12.3.1/thumb/v7-m/nofp/crti.o
                0x08009414                _init
 .init          0x08009418        0x8 C:/Users/DELL/cubeide/STM32CubeIDE_1.16.0/STM32CubeIDE/plugins/com.st.stm32cube.ide.mcu.externaltools.gnu-tools-for-stm32.12.3.rel1.win32_1.0.200.202406191623/tools/bin/../lib/gcc/arm-none-eabi/12.3.1/thumb/v7-m/nofp/crtn.o
 *(.fini)
 .fini          0x08009420        0x4 C:/Users/DELL/cubeide/STM32CubeIDE_1.16.0/STM32CubeIDE/plugins/com.st.stm32cube.ide.mcu.externaltools.gnu-tools-for-stm32.12.3.rel1.win32_1.0.200.202406191623/tools/bin/../lib/gcc/arm-none-eabi/12.3.1/thumb/v7-m/nofp/crti.o
                0x08009420                _fini
 .fini          0x08009424        0x8 C:/Users/DELL/cubeide/STM32CubeIDE_1.16.0/STM32CubeIDE/plugins/com.st.stm32cube.ide.mcu.externaltools.gnu-tools-for-stm32.12.3.rel1.win32_1.0.200.202406191623/tools/bin/../lib/gcc/arm-none-eabi/12.3.1/thumb/v7-m/nofp/crtn.o
                0x0800942c                        . = ALIGN (0x4)
                0x0800942c                        _etext = .

.vfp11_veneer   0x0800942c        0x0
 .vfp11_veneer  0x0800942c        0x0 linker stubs

.v4_bx          0x0800942c        0x0
 .v4_bx         0x0800942c        0x0 linker stubs

.iplt           0x0800942c        0x0
 .iplt          0x0800942c        0x0 C:/Users/DELL/cubeide/STM32CubeIDE_1.16.0/STM32CubeIDE/plugins/com.st.stm32cube.ide.mcu.externaltools.gnu-tools-for-stm32.12.3.rel1.win32_1.0.200.202406191623/tools/bin/../lib/gcc/arm-none-eabi/12.3.1/thumb/v7-m/nofp/crtbegin.o

.rodata         0x0800942c      0x174
                0x0800942c                        . = ALIGN (0x4)
 *(.rodata)
 .rodata        0x0800942c       0x46 ./USB_DEVICE/App/usbd_desc.o
 *(.rodata*)
 *fill*         0x08009472        0x2 
 .rodata.AHBPrescTable
                0x08009474       0x10 ./Core/Src/system_stm32f1xx.o
                0x08009474                AHBPrescTable
 .rodata.APBPrescTable
                0x08009484        0x8 ./Core/Src/system_stm32f1xx.o
                0x08009484                APBPrescTable
 .rodata.aPLLMULFactorTable.1
                0x0800948c       0x10 ./Drivers/STM32F1xx_HAL_Driver/Src/stm32f1xx_hal_rcc.o
 .rodata.aPredivFactorTable.0
                0x0800949c        0x2 ./Drivers/STM32F1xx_HAL_Driver/Src/stm32f1xx_hal_rcc.o
 .rodata._ctype_
                0x0800949e      0x101 C:/Users/DELL/cubeide/STM32CubeIDE_1.16.0/STM32CubeIDE/plugins/com.st.stm32cube.ide.mcu.externaltools.gnu-tools-for-stm32.12.3.rel1.win32_1.0.200.202406191623/tools/bin/../lib/gcc/arm-none-eabi/12.3.1/../../../../arm-none-eabi/lib/thumb/v7-m/nofp\libc_nano.a(libc_a-ctype_.o)
                0x0800949e                _ctype_
                0x080095a0                        . = ALIGN (0x4)
 *fill*         0x0800959f        0x1 

.ARM.extab      0x080095a0        0x0
                0x080095a0                        . = ALIGN (0x4)
 *(.ARM.extab* .gnu.linkonce.armextab.*)
                0x080095a0                        . = ALIGN (0x4)

.ARM            0x080095a0        0x0
                0x080095a0                        . = ALIGN (0x4)
                0x080095a0                        __exidx_start = .
 *(.ARM.exidx*)
                0x080095a0                        __exidx_end = .
                0x080095a0                        . = ALIGN (0x4)

.preinit_array  0x080095a0        0x0
                0x080095a0                        . = ALIGN (0x4)
                0x080095a0                        PROVIDE (__preinit_array_start = .)
 *(.preinit_array*)
                0x080095a0                        PROVIDE (__preinit_array_end = .)
                0x080095a0                        . = ALIGN (0x4)

.init_array     0x080095a0        0x4
                0x080095a0                        . = ALIGN (0x4)
                0x080095a0                        PROVIDE (__init_array_start = .)
 *(SORT_BY_NAME(.init_array.*))
 *(.init_array*)
 .init_array    0x080095a0        0x4 C:/Users/DELL/cubeide/STM32CubeIDE_1.16.0/STM32CubeIDE/plugins/com.st.stm32cube.ide.mcu.externaltools.gnu-tools-for-stm32.12.3.rel1.win32_1.0.200.202406191623/tools/bin/../lib/gcc/arm-none-eabi/12.3.1/thumb/v7-m/nofp/crtbegin.o
                0x080095a4                        PROVIDE (__init_array_end = .)
                0x080095a4                        . = ALIGN (0x4)

.fini_array     0x080095a4        0x4
                0x080095a4                        . = ALIGN (0x4)
                [!provide]                        PROVIDE (__fini_array_start = .)
 *(SORT_BY_NAME(.fini_array.*))
 *(.fini_array*)
 .fini_array    0x080095a4        0x4 C:/Users/DELL/cubeide/STM32CubeIDE_1.16.0/STM32CubeIDE/plugins/com.st.stm32cube.ide.mcu.externaltools.gnu-tools-for-stm32.12.3.rel1.win32_1.0.200.202406191623/tools/bin/../lib/gcc/arm-none-eabi/12.3.1/thumb/v7-m/nofp/crtbegin.o
                [!provide]                        PROVIDE (__fini_array_end = .)
                0x080095a8                        . = ALIGN (0x4)
                0x080095a8                        _sidata = LOADADDR (.data)

.rel.dyn        0x080095a8        0x0
 .rel.iplt      0x080095a8        0x0 C:/Users/DELL/cubeide/STM32CubeIDE_1.16.0/STM32CubeIDE/plugins/com.st.stm32cube.ide.mcu.externaltools.gnu-tools-for-stm32.12.3.rel1.win32_1.0.200.202406191623/tools/bin/../lib/gcc/arm-none-eabi/12.3.1/thumb/v7-m/nofp/crtbegin.o

.data           0x20000000      0x1d0 load address 0x080095a8
                0x20000000                        . = ALIGN (0x4)
                0x20000000                        _sdata = .
 *(.data)
 *(.data*)
 .data.receive_node_tong_flag
                0x20000000        0x4 ./Core/Src/main.o
                0x20000000                receive_node_tong_flag
 .data.SystemCoreClock
                0x20000004        0x4 ./Core/Src/system_stm32f1xx.o
                0x20000004                SystemCoreClock
 .data.uwTickPrio
                0x20000008        0x4 ./Drivers/STM32F1xx_HAL_Driver/Src/stm32f1xx_hal.o
                0x20000008                uwTickPrio
 .data.uwTickFreq
                0x2000000c        0x1 ./Drivers/STM32F1xx_HAL_Driver/Src/stm32f1xx_hal.o
                0x2000000c                uwTickFreq
 *fill*         0x2000000d        0x3 
 .data.USBD_CDC_DeviceQualifierDesc
                0x20000010        0xa ./Middlewares/ST/STM32_USB_Device_Library/Class/CDC/Src/usbd_cdc.o
 *fill*         0x2000001a        0x2 
 .data.USBD_CDC
                0x2000001c       0x38 ./Middlewares/ST/STM32_USB_Device_Library/Class/CDC/Src/usbd_cdc.o
                0x2000001c                USBD_CDC
 .data.USBD_CDC_CfgHSDesc
                0x20000054       0x43 ./Middlewares/ST/STM32_USB_Device_Library/Class/CDC/Src/usbd_cdc.o
                0x20000054                USBD_CDC_CfgHSDesc
 *fill*         0x20000097        0x1 
 .data.USBD_CDC_CfgFSDesc
                0x20000098       0x43 ./Middlewares/ST/STM32_USB_Device_Library/Class/CDC/Src/usbd_cdc.o
                0x20000098                USBD_CDC_CfgFSDesc
 *fill*         0x200000db        0x1 
 .data.USBD_CDC_OtherSpeedCfgDesc
                0x200000dc       0x43 ./Middlewares/ST/STM32_USB_Device_Library/Class/CDC/Src/usbd_cdc.o
                0x200000dc                USBD_CDC_OtherSpeedCfgDesc
 *fill*         0x2000011f        0x1 
 .data.USBD_Interface_fops_FS
                0x20000120       0x10 ./USB_DEVICE/App/usbd_cdc_if.o
                0x20000120                USBD_Interface_fops_FS
 .data.FS_Desc  0x20000130       0x1c ./USB_DEVICE/App/usbd_desc.o
                0x20000130                FS_Desc
 .data.USBD_FS_DeviceDesc
                0x2000014c       0x12 ./USB_DEVICE/App/usbd_desc.o
                0x2000014c                USBD_FS_DeviceDesc
 *fill*         0x2000015e        0x2 
 .data.USBD_LangIDDesc
                0x20000160        0x4 ./USB_DEVICE/App/usbd_desc.o
                0x20000160                USBD_LangIDDesc
 .data.USBD_StringSerial
                0x20000164       0x1a ./USB_DEVICE/App/usbd_desc.o
                0x20000164                USBD_StringSerial
 *fill*         0x2000017e        0x2 
 .data._impure_ptr
                0x20000180        0x4 C:/Users/DELL/cubeide/STM32CubeIDE_1.16.0/STM32CubeIDE/plugins/com.st.stm32cube.ide.mcu.externaltools.gnu-tools-for-stm32.12.3.rel1.win32_1.0.200.202406191623/tools/bin/../lib/gcc/arm-none-eabi/12.3.1/../../../../arm-none-eabi/lib/thumb/v7-m/nofp\libc_nano.a(libc_a-impure.o)
                0x20000180                _impure_ptr
 .data._impure_data
                0x20000184       0x4c C:/Users/DELL/cubeide/STM32CubeIDE_1.16.0/STM32CubeIDE/plugins/com.st.stm32cube.ide.mcu.externaltools.gnu-tools-for-stm32.12.3.rel1.win32_1.0.200.202406191623/tools/bin/../lib/gcc/arm-none-eabi/12.3.1/../../../../arm-none-eabi/lib/thumb/v7-m/nofp\libc_nano.a(libc_a-impure.o)
                0x20000184                _impure_data
 *(.RamFunc)
 *(.RamFunc*)
                0x200001d0                        . = ALIGN (0x4)
                0x200001d0                        _edata = .

.igot.plt       0x200001d0        0x0 load address 0x08009778
 .igot.plt      0x200001d0        0x0 C:/Users/DELL/cubeide/STM32CubeIDE_1.16.0/STM32CubeIDE/plugins/com.st.stm32cube.ide.mcu.externaltools.gnu-tools-for-stm32.12.3.rel1.win32_1.0.200.202406191623/tools/bin/../lib/gcc/arm-none-eabi/12.3.1/thumb/v7-m/nofp/crtbegin.o
                0x200001d0                        . = ALIGN (0x4)

.bss            0x200001d0     0x1410 load address 0x08009778
                0x200001d0                        _sbss = .
                0x200001d0                        __bss_start__ = _sbss
 *(.bss)
 .bss           0x200001d0       0x1c C:/Users/DELL/cubeide/STM32CubeIDE_1.16.0/STM32CubeIDE/plugins/com.st.stm32cube.ide.mcu.externaltools.gnu-tools-for-stm32.12.3.rel1.win32_1.0.200.202406191623/tools/bin/../lib/gcc/arm-none-eabi/12.3.1/thumb/v7-m/nofp/crtbegin.o
 *(.bss*)
 .bss.USB_rxbuffer
                0x200001ec        0xa ./Core/Src/main.o
                0x200001ec                USB_rxbuffer
 *fill*         0x200001f6        0x2 
 .bss.RS_txBuffer
                0x200001f8        0xa ./Core/Src/main.o
                0x200001f8                RS_txBuffer
 *fill*         0x20000202        0x2 
 .bss.RS_rxBuffer
                0x20000204       0x28 ./Core/Src/main.o
                0x20000204                RS_rxBuffer
 .bss.ppm_data_1
                0x2000022c        0xc ./Core/Src/main.o
                0x2000022c                ppm_data_1
 .bss.ppm_data_2
                0x20000238        0xc ./Core/Src/main.o
                0x20000238                ppm_data_2
 .bss.node_tong_to_node_1_error
                0x20000244        0x4 ./Core/Src/main.o
                0x20000244                node_tong_to_node_1_error
 .bss.node_tong_to_node_2_error
                0x20000248        0x4 ./Core/Src/main.o
                0x20000248                node_tong_to_node_2_error
 .bss.ppm2_time_temp
                0x2000024c        0x4 ./Core/Src/main.o
                0x2000024c                ppm2_time_temp
 .bss.ppm1_time_temp
                0x20000250        0x4 ./Core/Src/main.o
                0x20000250                ppm1_time_temp
 .bss.htim2     0x20000254       0x48 ./Core/Src/main.o
                0x20000254                htim2
 .bss.huart1    0x2000029c       0x48 ./Core/Src/main.o
                0x2000029c                huart1
 .bss.uwTick    0x200002e4        0x4 ./Drivers/STM32F1xx_HAL_Driver/Src/stm32f1xx_hal.o
                0x200002e4                uwTick
 .bss.cfgidx.0  0x200002e8        0x1 ./Middlewares/ST/STM32_USB_Device_Library/Core/Src/usbd_ctlreq.o
 *fill*         0x200002e9        0x3 
 .bss.hUsbDeviceFS
                0x200002ec      0x2c4 ./USB_DEVICE/App/usb_device.o
                0x200002ec                hUsbDeviceFS
 .bss.UserRxBufferFS
                0x200005b0      0x400 ./USB_DEVICE/App/usbd_cdc_if.o
                0x200005b0                UserRxBufferFS
 .bss.UserTxBufferFS
                0x200009b0      0x400 ./USB_DEVICE/App/usbd_cdc_if.o
                0x200009b0                UserTxBufferFS
 .bss.USBD_StrDesc
                0x20000db0      0x200 ./USB_DEVICE/App/usbd_desc.o
                0x20000db0                USBD_StrDesc
 .bss.hpcd_USB_FS
                0x20000fb0      0x2d8 ./USB_DEVICE/Target/usbd_conf.o
                0x20000fb0                hpcd_USB_FS
 .bss.mem.0     0x20001288      0x220 ./USB_DEVICE/Target/usbd_conf.o
 .bss.__sf      0x200014a8      0x138 C:/Users/DELL/cubeide/STM32CubeIDE_1.16.0/STM32CubeIDE/plugins/com.st.stm32cube.ide.mcu.externaltools.gnu-tools-for-stm32.12.3.rel1.win32_1.0.200.202406191623/tools/bin/../lib/gcc/arm-none-eabi/12.3.1/../../../../arm-none-eabi/lib/thumb/v7-m/nofp\libc_nano.a(libc_a-findfp.o)
                0x200014a8                __sf
 *(COMMON)
                0x200015e0                        . = ALIGN (0x4)
                0x200015e0                        _ebss = .
                0x200015e0                        __bss_end__ = _ebss

._user_heap_stack
                0x200015e0      0x600 load address 0x08009778
                0x200015e0                        . = ALIGN (0x8)
                [!provide]                        PROVIDE (end = .)
                0x200015e0                        PROVIDE (_end = .)
                0x200017e0                        . = (. + _Min_Heap_Size)
 *fill*         0x200015e0      0x200 
                0x20001be0                        . = (. + _Min_Stack_Size)
 *fill*         0x200017e0      0x400 
                0x20001be0                        . = ALIGN (0x8)

/DISCARD/
 libc.a(*)
 libm.a(*)
 libgcc.a(*)

.ARM.attributes
                0x00000000       0x29
 *(.ARM.attributes)
 .ARM.attributes
                0x00000000       0x1d C:/Users/DELL/cubeide/STM32CubeIDE_1.16.0/STM32CubeIDE/plugins/com.st.stm32cube.ide.mcu.externaltools.gnu-tools-for-stm32.12.3.rel1.win32_1.0.200.202406191623/tools/bin/../lib/gcc/arm-none-eabi/12.3.1/thumb/v7-m/nofp/crti.o
 .ARM.attributes
                0x0000001d       0x2d C:/Users/DELL/cubeide/STM32CubeIDE_1.16.0/STM32CubeIDE/plugins/com.st.stm32cube.ide.mcu.externaltools.gnu-tools-for-stm32.12.3.rel1.win32_1.0.200.202406191623/tools/bin/../lib/gcc/arm-none-eabi/12.3.1/thumb/v7-m/nofp/crtbegin.o
 .ARM.attributes
                0x0000004a       0x2d ./Core/Src/main.o
 .ARM.attributes
                0x00000077       0x2d ./Core/Src/stm32f1xx_hal_msp.o
 .ARM.attributes
                0x000000a4       0x2d ./Core/Src/stm32f1xx_it.o
 .ARM.attributes
                0x000000d1       0x2d ./Core/Src/system_stm32f1xx.o
 .ARM.attributes
                0x000000fe       0x21 ./Core/Startup/startup_stm32f103c8tx.o
 .ARM.attributes
                0x0000011f       0x2d ./Drivers/STM32F1xx_HAL_Driver/Src/stm32f1xx_hal.o
 .ARM.attributes
                0x0000014c       0x2d ./Drivers/STM32F1xx_HAL_Driver/Src/stm32f1xx_hal_cortex.o
 .ARM.attributes
                0x00000179       0x2d ./Drivers/STM32F1xx_HAL_Driver/Src/stm32f1xx_hal_dma.o
 .ARM.attributes
                0x000001a6       0x2d ./Drivers/STM32F1xx_HAL_Driver/Src/stm32f1xx_hal_gpio.o
 .ARM.attributes
                0x000001d3       0x2d ./Drivers/STM32F1xx_HAL_Driver/Src/stm32f1xx_hal_pcd.o
 .ARM.attributes
                0x00000200       0x2d ./Drivers/STM32F1xx_HAL_Driver/Src/stm32f1xx_hal_pcd_ex.o
 .ARM.attributes
                0x0000022d       0x2d ./Drivers/STM32F1xx_HAL_Driver/Src/stm32f1xx_hal_rcc.o
 .ARM.attributes
                0x0000025a       0x2d ./Drivers/STM32F1xx_HAL_Driver/Src/stm32f1xx_hal_rcc_ex.o
 .ARM.attributes
                0x00000287       0x2d ./Drivers/STM32F1xx_HAL_Driver/Src/stm32f1xx_hal_tim.o
 .ARM.attributes
                0x000002b4       0x2d ./Drivers/STM32F1xx_HAL_Driver/Src/stm32f1xx_hal_tim_ex.o
 .ARM.attributes
                0x000002e1       0x2d ./Drivers/STM32F1xx_HAL_Driver/Src/stm32f1xx_hal_uart.o
 .ARM.attributes
                0x0000030e       0x2d ./Drivers/STM32F1xx_HAL_Driver/Src/stm32f1xx_ll_usb.o
 .ARM.attributes
                0x0000033b       0x2d ./Middlewares/ST/STM32_USB_Device_Library/Class/CDC/Src/usbd_cdc.o
 .ARM.attributes
                0x00000368       0x2d ./Middlewares/ST/STM32_USB_Device_Library/Core/Src/usbd_core.o
 .ARM.attributes
                0x00000395       0x2d ./Middlewares/ST/STM32_USB_Device_Library/Core/Src/usbd_ctlreq.o
 .ARM.attributes
                0x000003c2       0x2d ./Middlewares/ST/STM32_USB_Device_Library/Core/Src/usbd_ioreq.o
 .ARM.attributes
                0x000003ef       0x2d ./USB_DEVICE/App/usb_device.o
 .ARM.attributes
                0x0000041c       0x2d ./USB_DEVICE/App/usbd_cdc_if.o
 .ARM.attributes
                0x00000449       0x2d ./USB_DEVICE/App/usbd_desc.o
 .ARM.attributes
                0x00000476       0x2d ./USB_DEVICE/Target/usbd_conf.o
 .ARM.attributes
                0x000004a3       0x2d C:/Users/DELL/cubeide/STM32CubeIDE_1.16.0/STM32CubeIDE/plugins/com.st.stm32cube.ide.mcu.externaltools.gnu-tools-for-stm32.12.3.rel1.win32_1.0.200.202406191623/tools/bin/../lib/gcc/arm-none-eabi/12.3.1/../../../../arm-none-eabi/lib/thumb/v7-m/nofp\libc_nano.a(libc_a-atoi.o)
 .ARM.attributes
                0x000004d0       0x2d C:/Users/DELL/cubeide/STM32CubeIDE_1.16.0/STM32CubeIDE/plugins/com.st.stm32cube.ide.mcu.externaltools.gnu-tools-for-stm32.12.3.rel1.win32_1.0.200.202406191623/tools/bin/../lib/gcc/arm-none-eabi/12.3.1/../../../../arm-none-eabi/lib/thumb/v7-m/nofp\libc_nano.a(libc_a-strtol.o)
 .ARM.attributes
                0x000004fd       0x2d C:/Users/DELL/cubeide/STM32CubeIDE_1.16.0/STM32CubeIDE/plugins/com.st.stm32cube.ide.mcu.externaltools.gnu-tools-for-stm32.12.3.rel1.win32_1.0.200.202406191623/tools/bin/../lib/gcc/arm-none-eabi/12.3.1/../../../../arm-none-eabi/lib/thumb/v7-m/nofp\libc_nano.a(libc_a-ctype_.o)
 .ARM.attributes
                0x0000052a       0x2d C:/Users/DELL/cubeide/STM32CubeIDE_1.16.0/STM32CubeIDE/plugins/com.st.stm32cube.ide.mcu.externaltools.gnu-tools-for-stm32.12.3.rel1.win32_1.0.200.202406191623/tools/bin/../lib/gcc/arm-none-eabi/12.3.1/../../../../arm-none-eabi/lib/thumb/v7-m/nofp\libc_nano.a(libc_a-findfp.o)
 .ARM.attributes
                0x00000557       0x2d C:/Users/DELL/cubeide/STM32CubeIDE_1.16.0/STM32CubeIDE/plugins/com.st.stm32cube.ide.mcu.externaltools.gnu-tools-for-stm32.12.3.rel1.win32_1.0.200.202406191623/tools/bin/../lib/gcc/arm-none-eabi/12.3.1/../../../../arm-none-eabi/lib/thumb/v7-m/nofp\libc_nano.a(libc_a-memset.o)
 .ARM.attributes
                0x00000584       0x2d C:/Users/DELL/cubeide/STM32CubeIDE_1.16.0/STM32CubeIDE/plugins/com.st.stm32cube.ide.mcu.externaltools.gnu-tools-for-stm32.12.3.rel1.win32_1.0.200.202406191623/tools/bin/../lib/gcc/arm-none-eabi/12.3.1/../../../../arm-none-eabi/lib/thumb/v7-m/nofp\libc_nano.a(libc_a-strncpy.o)
 .ARM.attributes
                0x000005b1       0x2d C:/Users/DELL/cubeide/STM32CubeIDE_1.16.0/STM32CubeIDE/plugins/com.st.stm32cube.ide.mcu.externaltools.gnu-tools-for-stm32.12.3.rel1.win32_1.0.200.202406191623/tools/bin/../lib/gcc/arm-none-eabi/12.3.1/../../../../arm-none-eabi/lib/thumb/v7-m/nofp\libc_nano.a(libc_a-impure.o)
 .ARM.attributes
                0x000005de       0x2d C:/Users/DELL/cubeide/STM32CubeIDE_1.16.0/STM32CubeIDE/plugins/com.st.stm32cube.ide.mcu.externaltools.gnu-tools-for-stm32.12.3.rel1.win32_1.0.200.202406191623/tools/bin/../lib/gcc/arm-none-eabi/12.3.1/../../../../arm-none-eabi/lib/thumb/v7-m/nofp\libc_nano.a(libc_a-errno.o)
 .ARM.attributes
                0x0000060b       0x2d C:/Users/DELL/cubeide/STM32CubeIDE_1.16.0/STM32CubeIDE/plugins/com.st.stm32cube.ide.mcu.externaltools.gnu-tools-for-stm32.12.3.rel1.win32_1.0.200.202406191623/tools/bin/../lib/gcc/arm-none-eabi/12.3.1/../../../../arm-none-eabi/lib/thumb/v7-m/nofp\libc_nano.a(libc_a-init.o)
 .ARM.attributes
                0x00000638       0x2d C:/Users/DELL/cubeide/STM32CubeIDE_1.16.0/STM32CubeIDE/plugins/com.st.stm32cube.ide.mcu.externaltools.gnu-tools-for-stm32.12.3.rel1.win32_1.0.200.202406191623/tools/bin/../lib/gcc/arm-none-eabi/12.3.1/../../../../arm-none-eabi/lib/thumb/v7-m/nofp\libc_nano.a(libc_a-strcpy.o)
 .ARM.attributes
                0x00000665       0x2d C:/Users/DELL/cubeide/STM32CubeIDE_1.16.0/STM32CubeIDE/plugins/com.st.stm32cube.ide.mcu.externaltools.gnu-tools-for-stm32.12.3.rel1.win32_1.0.200.202406191623/tools/bin/../lib/gcc/arm-none-eabi/12.3.1/../../../../arm-none-eabi/lib/thumb/v7-m/nofp\libc_nano.a(libc_a-memcpy-stub.o)
 .ARM.attributes
                0x00000692       0x1d C:/Users/DELL/cubeide/STM32CubeIDE_1.16.0/STM32CubeIDE/plugins/com.st.stm32cube.ide.mcu.externaltools.gnu-tools-for-stm32.12.3.rel1.win32_1.0.200.202406191623/tools/bin/../lib/gcc/arm-none-eabi/12.3.1/thumb/v7-m/nofp/crtn.o
OUTPUT(gw_v2.elf elf32-littlearm)
LOAD linker stubs
LOAD C:/Users/DELL/cubeide/STM32CubeIDE_1.16.0/STM32CubeIDE/plugins/com.st.stm32cube.ide.mcu.externaltools.gnu-tools-for-stm32.12.3.rel1.win32_1.0.200.202406191623/tools/bin/../lib/gcc/arm-none-eabi/12.3.1/../../../../arm-none-eabi/lib/thumb/v7-m/nofp\libc.a
LOAD C:/Users/DELL/cubeide/STM32CubeIDE_1.16.0/STM32CubeIDE/plugins/com.st.stm32cube.ide.mcu.externaltools.gnu-tools-for-stm32.12.3.rel1.win32_1.0.200.202406191623/tools/bin/../lib/gcc/arm-none-eabi/12.3.1/../../../../arm-none-eabi/lib/thumb/v7-m/nofp\libm.a
LOAD C:/Users/DELL/cubeide/STM32CubeIDE_1.16.0/STM32CubeIDE/plugins/com.st.stm32cube.ide.mcu.externaltools.gnu-tools-for-stm32.12.3.rel1.win32_1.0.200.202406191623/tools/bin/../lib/gcc/arm-none-eabi/12.3.1/thumb/v7-m/nofp\libgcc.a

.debug_info     0x00000000    0x15487
 .debug_info    0x00000000     0x1097 ./Core/Src/main.o
 .debug_info    0x00001097      0xd2d ./Core/Src/stm32f1xx_hal_msp.o
 .debug_info    0x00001dc4      0xdef ./Core/Src/stm32f1xx_it.o
 .debug_info    0x00002bb3      0x222 ./Core/Src/system_stm32f1xx.o
 .debug_info    0x00002dd5       0x30 ./Core/Startup/startup_stm32f103c8tx.o
 .debug_info    0x00002e05      0x704 ./Drivers/STM32F1xx_HAL_Driver/Src/stm32f1xx_hal.o
 .debug_info    0x00003509      0xa87 ./Drivers/STM32F1xx_HAL_Driver/Src/stm32f1xx_hal_cortex.o
 .debug_info    0x00003f90      0x6d2 ./Drivers/STM32F1xx_HAL_Driver/Src/stm32f1xx_hal_dma.o
 .debug_info    0x00004662      0x5ab ./Drivers/STM32F1xx_HAL_Driver/Src/stm32f1xx_hal_gpio.o
 .debug_info    0x00004c0d     0x16dc ./Drivers/STM32F1xx_HAL_Driver/Src/stm32f1xx_hal_pcd.o
 .debug_info    0x000062e9      0x6c3 ./Drivers/STM32F1xx_HAL_Driver/Src/stm32f1xx_hal_pcd_ex.o
 .debug_info    0x000069ac      0x7d5 ./Drivers/STM32F1xx_HAL_Driver/Src/stm32f1xx_hal_rcc.o
 .debug_info    0x00007181      0x3c0 ./Drivers/STM32F1xx_HAL_Driver/Src/stm32f1xx_hal_rcc_ex.o
 .debug_info    0x00007541     0x2959 ./Drivers/STM32F1xx_HAL_Driver/Src/stm32f1xx_hal_tim.o
 .debug_info    0x00009e9a     0x149b ./Drivers/STM32F1xx_HAL_Driver/Src/stm32f1xx_hal_tim_ex.o
 .debug_info    0x0000b335     0x2eed ./Drivers/STM32F1xx_HAL_Driver/Src/stm32f1xx_hal_uart.o
 .debug_info    0x0000e222     0x17ae ./Drivers/STM32F1xx_HAL_Driver/Src/stm32f1xx_ll_usb.o
 .debug_info    0x0000f9d0     0x1043 ./Middlewares/ST/STM32_USB_Device_Library/Class/CDC/Src/usbd_cdc.o
 .debug_info    0x00010a13      0xa52 ./Middlewares/ST/STM32_USB_Device_Library/Core/Src/usbd_core.o
 .debug_info    0x00011465      0x91c ./Middlewares/ST/STM32_USB_Device_Library/Core/Src/usbd_ctlreq.o
 .debug_info    0x00011d81      0x6a0 ./Middlewares/ST/STM32_USB_Device_Library/Core/Src/usbd_ioreq.o
 .debug_info    0x00012421      0x63d ./USB_DEVICE/App/usb_device.o
 .debug_info    0x00012a5e      0xd7b ./USB_DEVICE/App/usbd_cdc_if.o
 .debug_info    0x000137d9      0x44a ./USB_DEVICE/App/usbd_desc.o
 .debug_info    0x00013c23     0x1864 ./USB_DEVICE/Target/usbd_conf.o

.debug_abbrev   0x00000000     0x35d9
 .debug_abbrev  0x00000000      0x30b ./Core/Src/main.o
 .debug_abbrev  0x0000030b      0x1dd ./Core/Src/stm32f1xx_hal_msp.o
 .debug_abbrev  0x000004e8      0x1cd ./Core/Src/stm32f1xx_it.o
 .debug_abbrev  0x000006b5      0x13f ./Core/Src/system_stm32f1xx.o
 .debug_abbrev  0x000007f4       0x24 ./Core/Startup/startup_stm32f103c8tx.o
 .debug_abbrev  0x00000818      0x201 ./Drivers/STM32F1xx_HAL_Driver/Src/stm32f1xx_hal.o
 .debug_abbrev  0x00000a19      0x2f8 ./Drivers/STM32F1xx_HAL_Driver/Src/stm32f1xx_hal_cortex.o
 .debug_abbrev  0x00000d11      0x20b ./Drivers/STM32F1xx_HAL_Driver/Src/stm32f1xx_hal_dma.o
 .debug_abbrev  0x00000f1c      0x1ca ./Drivers/STM32F1xx_HAL_Driver/Src/stm32f1xx_hal_gpio.o
 .debug_abbrev  0x000010e6      0x2d6 ./Drivers/STM32F1xx_HAL_Driver/Src/stm32f1xx_hal_pcd.o
 .debug_abbrev  0x000013bc      0x189 ./Drivers/STM32F1xx_HAL_Driver/Src/stm32f1xx_hal_pcd_ex.o
 .debug_abbrev  0x00001545      0x2b3 ./Drivers/STM32F1xx_HAL_Driver/Src/stm32f1xx_hal_rcc.o
 .debug_abbrev  0x000017f8      0x188 ./Drivers/STM32F1xx_HAL_Driver/Src/stm32f1xx_hal_rcc_ex.o
 .debug_abbrev  0x00001980      0x277 ./Drivers/STM32F1xx_HAL_Driver/Src/stm32f1xx_hal_tim.o
 .debug_abbrev  0x00001bf7      0x282 ./Drivers/STM32F1xx_HAL_Driver/Src/stm32f1xx_hal_tim_ex.o
 .debug_abbrev  0x00001e79      0x2f8 ./Drivers/STM32F1xx_HAL_Driver/Src/stm32f1xx_hal_uart.o
 .debug_abbrev  0x00002171      0x1de ./Drivers/STM32F1xx_HAL_Driver/Src/stm32f1xx_ll_usb.o
 .debug_abbrev  0x0000234f      0x2d3 ./Middlewares/ST/STM32_USB_Device_Library/Class/CDC/Src/usbd_cdc.o
 .debug_abbrev  0x00002622      0x24a ./Middlewares/ST/STM32_USB_Device_Library/Core/Src/usbd_core.o
 .debug_abbrev  0x0000286c      0x26b ./Middlewares/ST/STM32_USB_Device_Library/Core/Src/usbd_ctlreq.o
 .debug_abbrev  0x00002ad7      0x192 ./Middlewares/ST/STM32_USB_Device_Library/Core/Src/usbd_ioreq.o
 .debug_abbrev  0x00002c69      0x18d ./USB_DEVICE/App/usb_device.o
 .debug_abbrev  0x00002df6      0x2ce ./USB_DEVICE/App/usbd_cdc_if.o
 .debug_abbrev  0x000030c4      0x1ff ./USB_DEVICE/App/usbd_desc.o
 .debug_abbrev  0x000032c3      0x316 ./USB_DEVICE/Target/usbd_conf.o

.debug_aranges  0x00000000     0x12a0
 .debug_aranges
                0x00000000       0x78 ./Core/Src/main.o
 .debug_aranges
                0x00000078       0x40 ./Core/Src/stm32f1xx_hal_msp.o
 .debug_aranges
                0x000000b8       0x78 ./Core/Src/stm32f1xx_it.o
 .debug_aranges
                0x00000130       0x28 ./Core/Src/system_stm32f1xx.o
 .debug_aranges
                0x00000158       0x28 ./Core/Startup/startup_stm32f103c8tx.o
 .debug_aranges
                0x00000180       0xe0 ./Drivers/STM32F1xx_HAL_Driver/Src/stm32f1xx_hal.o
 .debug_aranges
                0x00000260      0x100 ./Drivers/STM32F1xx_HAL_Driver/Src/stm32f1xx_hal_cortex.o
 .debug_aranges
                0x00000360       0x80 ./Drivers/STM32F1xx_HAL_Driver/Src/stm32f1xx_hal_dma.o
 .debug_aranges
                0x000003e0       0x58 ./Drivers/STM32F1xx_HAL_Driver/Src/stm32f1xx_hal_gpio.o
 .debug_aranges
                0x00000438      0x140 ./Drivers/STM32F1xx_HAL_Driver/Src/stm32f1xx_hal_pcd.o
 .debug_aranges
                0x00000578       0x38 ./Drivers/STM32F1xx_HAL_Driver/Src/stm32f1xx_hal_pcd_ex.o
 .debug_aranges
                0x000005b0       0x90 ./Drivers/STM32F1xx_HAL_Driver/Src/stm32f1xx_hal_rcc.o
 .debug_aranges
                0x00000640       0x30 ./Drivers/STM32F1xx_HAL_Driver/Src/stm32f1xx_hal_rcc_ex.o
 .debug_aranges
                0x00000670      0x3d0 ./Drivers/STM32F1xx_HAL_Driver/Src/stm32f1xx_hal_tim.o
 .debug_aranges
                0x00000a40      0x168 ./Drivers/STM32F1xx_HAL_Driver/Src/stm32f1xx_hal_tim_ex.o
 .debug_aranges
                0x00000ba8      0x208 ./Drivers/STM32F1xx_HAL_Driver/Src/stm32f1xx_hal_uart.o
 .debug_aranges
                0x00000db0       0xf8 ./Drivers/STM32F1xx_HAL_Driver/Src/stm32f1xx_ll_usb.o
 .debug_aranges
                0x00000ea8       0x90 ./Middlewares/ST/STM32_USB_Device_Library/Class/CDC/Src/usbd_cdc.o
 .debug_aranges
                0x00000f38       0xb8 ./Middlewares/ST/STM32_USB_Device_Library/Core/Src/usbd_core.o
 .debug_aranges
                0x00000ff0       0x88 ./Middlewares/ST/STM32_USB_Device_Library/Core/Src/usbd_ctlreq.o
 .debug_aranges
                0x00001078       0x50 ./Middlewares/ST/STM32_USB_Device_Library/Core/Src/usbd_ioreq.o
 .debug_aranges
                0x000010c8       0x20 ./USB_DEVICE/App/usb_device.o
 .debug_aranges
                0x000010e8       0x40 ./USB_DEVICE/App/usbd_cdc_if.o
 .debug_aranges
                0x00001128       0x60 ./USB_DEVICE/App/usbd_desc.o
 .debug_aranges
                0x00001188      0x118 ./USB_DEVICE/Target/usbd_conf.o

.debug_rnglists
                0x00000000      0xe51
 .debug_rnglists
                0x00000000       0x5b ./Core/Src/main.o
 .debug_rnglists
                0x0000005b       0x2c ./Core/Src/stm32f1xx_hal_msp.o
 .debug_rnglists
                0x00000087       0x55 ./Core/Src/stm32f1xx_it.o
 .debug_rnglists
                0x000000dc       0x1a ./Core/Src/system_stm32f1xx.o
 .debug_rnglists
                0x000000f6       0x19 ./Core/Startup/startup_stm32f103c8tx.o
 .debug_rnglists
                0x0000010f       0xa3 ./Drivers/STM32F1xx_HAL_Driver/Src/stm32f1xx_hal.o
 .debug_rnglists
                0x000001b2       0xbb ./Drivers/STM32F1xx_HAL_Driver/Src/stm32f1xx_hal_cortex.o
 .debug_rnglists
                0x0000026d       0x64 ./Drivers/STM32F1xx_HAL_Driver/Src/stm32f1xx_hal_dma.o
 .debug_rnglists
                0x000002d1       0x3f ./Drivers/STM32F1xx_HAL_Driver/Src/stm32f1xx_hal_gpio.o
 .debug_rnglists
                0x00000310       0xf4 ./Drivers/STM32F1xx_HAL_Driver/Src/stm32f1xx_hal_pcd.o
 .debug_rnglists
                0x00000404       0x26 ./Drivers/STM32F1xx_HAL_Driver/Src/stm32f1xx_hal_pcd_ex.o
 .debug_rnglists
                0x0000042a       0x6c ./Drivers/STM32F1xx_HAL_Driver/Src/stm32f1xx_hal_rcc.o
 .debug_rnglists
                0x00000496       0x21 ./Drivers/STM32F1xx_HAL_Driver/Src/stm32f1xx_hal_rcc_ex.o
 .debug_rnglists
                0x000004b7      0x31a ./Drivers/STM32F1xx_HAL_Driver/Src/stm32f1xx_hal_tim.o
 .debug_rnglists
                0x000007d1      0x125 ./Drivers/STM32F1xx_HAL_Driver/Src/stm32f1xx_hal_tim_ex.o
 .debug_rnglists
                0x000008f6      0x1bc ./Drivers/STM32F1xx_HAL_Driver/Src/stm32f1xx_hal_uart.o
 .debug_rnglists
                0x00000ab2       0xbd ./Drivers/STM32F1xx_HAL_Driver/Src/stm32f1xx_ll_usb.o
 .debug_rnglists
                0x00000b6f       0x6a ./Middlewares/ST/STM32_USB_Device_Library/Class/CDC/Src/usbd_cdc.o
 .debug_rnglists
                0x00000bd9       0x89 ./Middlewares/ST/STM32_USB_Device_Library/Core/Src/usbd_core.o
 .debug_rnglists
                0x00000c62       0x68 ./Middlewares/ST/STM32_USB_Device_Library/Core/Src/usbd_ctlreq.o
 .debug_rnglists
                0x00000cca       0x37 ./Middlewares/ST/STM32_USB_Device_Library/Core/Src/usbd_ioreq.o
 .debug_rnglists
                0x00000d01       0x13 ./USB_DEVICE/App/usb_device.o
 .debug_rnglists
                0x00000d14       0x2c ./USB_DEVICE/App/usbd_cdc_if.o
 .debug_rnglists
                0x00000d40       0x43 ./USB_DEVICE/App/usbd_desc.o
 .debug_rnglists
                0x00000d83       0xce ./USB_DEVICE/Target/usbd_conf.o

.debug_macro    0x00000000    0x1a5af
 .debug_macro   0x00000000      0x391 ./Core/Src/main.o
 .debug_macro   0x00000391      0xaa8 ./Core/Src/main.o
 .debug_macro   0x00000e39      0x221 ./Core/Src/main.o
 .debug_macro   0x0000105a       0x2e ./Core/Src/main.o
 .debug_macro   0x00001088       0x22 ./Core/Src/main.o
 .debug_macro   0x000010aa       0x22 ./Core/Src/main.o
 .debug_macro   0x000010cc       0x8e ./Core/Src/main.o
 .debug_macro   0x0000115a       0x51 ./Core/Src/main.o
 .debug_macro   0x000011ab      0x103 ./Core/Src/main.o
 .debug_macro   0x000012ae       0x6a ./Core/Src/main.o
 .debug_macro   0x00001318      0x1df ./Core/Src/main.o
 .debug_macro   0x000014f7       0x1c ./Core/Src/main.o
 .debug_macro   0x00001513       0x22 ./Core/Src/main.o
 .debug_macro   0x00001535       0xbd ./Core/Src/main.o
 .debug_macro   0x000015f2      0xd23 ./Core/Src/main.o
 .debug_macro   0x00002315     0xe09e ./Core/Src/main.o
 .debug_macro   0x000103b3       0x6d ./Core/Src/main.o
 .debug_macro   0x00010420     0x34a2 ./Core/Src/main.o
 .debug_macro   0x000138c2      0x189 ./Core/Src/main.o
 .debug_macro   0x00013a4b       0x5c ./Core/Src/main.o
 .debug_macro   0x00013aa7      0x5bc ./Core/Src/main.o
 .debug_macro   0x00014063      0x289 ./Core/Src/main.o
 .debug_macro   0x000142ec      0x1cb ./Core/Src/main.o
 .debug_macro   0x000144b7      0x114 ./Core/Src/main.o
 .debug_macro   0x000145cb      0x1b2 ./Core/Src/main.o
 .debug_macro   0x0001477d       0x27 ./Core/Src/main.o
 .debug_macro   0x000147a4      0x136 ./Core/Src/main.o
 .debug_macro   0x000148da      0x1bc ./Core/Src/main.o
 .debug_macro   0x00014a96       0x34 ./Core/Src/main.o
 .debug_macro   0x00014aca       0x3c ./Core/Src/main.o
 .debug_macro   0x00014b06       0x57 ./Core/Src/main.o
 .debug_macro   0x00014b5d       0x87 ./Core/Src/main.o
 .debug_macro   0x00014be4      0x240 ./Core/Src/main.o
 .debug_macro   0x00014e24      0x140 ./Core/Src/main.o
 .debug_macro   0x00014f64      0x8ed ./Core/Src/main.o
 .debug_macro   0x00015851      0x28e ./Core/Src/main.o
 .debug_macro   0x00015adf       0xb7 ./Core/Src/main.o
 .debug_macro   0x00015b96      0x242 ./Core/Src/main.o
 .debug_macro   0x00015dd8       0x83 ./Core/Src/main.o
 .debug_macro   0x00015e5b       0x61 ./Core/Src/main.o
 .debug_macro   0x00015ebc       0x24 ./Core/Src/main.o
 .debug_macro   0x00015ee0       0x43 ./Core/Src/main.o
 .debug_macro   0x00015f23       0x34 ./Core/Src/main.o
 .debug_macro   0x00015f57       0x16 ./Core/Src/main.o
 .debug_macro   0x00015f6d       0x35 ./Core/Src/main.o
 .debug_macro   0x00015fa2      0x369 ./Core/Src/main.o
 .debug_macro   0x0001630b       0x10 ./Core/Src/main.o
 .debug_macro   0x0001631b       0x16 ./Core/Src/main.o
 .debug_macro   0x00016331       0x43 ./Core/Src/main.o
 .debug_macro   0x00016374       0x34 ./Core/Src/main.o
 .debug_macro   0x000163a8       0x10 ./Core/Src/main.o
 .debug_macro   0x000163b8       0x58 ./Core/Src/main.o
 .debug_macro   0x00016410       0x8e ./Core/Src/main.o
 .debug_macro   0x0001649e       0x1c ./Core/Src/main.o
 .debug_macro   0x000164ba      0x177 ./Core/Src/main.o
 .debug_macro   0x00016631       0x16 ./Core/Src/main.o
 .debug_macro   0x00016647       0x16 ./Core/Src/main.o
 .debug_macro   0x0001665d      0x146 ./Core/Src/main.o
 .debug_macro   0x000167a3       0x16 ./Core/Src/main.o
 .debug_macro   0x000167b9       0x16 ./Core/Src/main.o
 .debug_macro   0x000167cf       0x29 ./Core/Src/main.o
 .debug_macro   0x000167f8       0x16 ./Core/Src/main.o
 .debug_macro   0x0001680e       0x20 ./Core/Src/main.o
 .debug_macro   0x0001682e       0x5f ./Core/Src/main.o
 .debug_macro   0x0001688d      0x1c8 ./Core/Src/main.o
 .debug_macro   0x00016a55       0x8f ./Core/Src/main.o
 .debug_macro   0x00016ae4       0x10 ./Core/Src/main.o
 .debug_macro   0x00016af4      0x1d1 ./Core/Src/stm32f1xx_hal_msp.o
 .debug_macro   0x00016cc5      0x1db ./Core/Src/stm32f1xx_it.o
 .debug_macro   0x00016ea0      0x1c7 ./Core/Src/system_stm32f1xx.o
 .debug_macro   0x00017067      0x1eb ./Drivers/STM32F1xx_HAL_Driver/Src/stm32f1xx_hal.o
 .debug_macro   0x00017252      0x1c7 ./Drivers/STM32F1xx_HAL_Driver/Src/stm32f1xx_hal_cortex.o
 .debug_macro   0x00017419      0x1c7 ./Drivers/STM32F1xx_HAL_Driver/Src/stm32f1xx_hal_dma.o
 .debug_macro   0x000175e0      0x232 ./Drivers/STM32F1xx_HAL_Driver/Src/stm32f1xx_hal_gpio.o
 .debug_macro   0x00017812      0x1d3 ./Drivers/STM32F1xx_HAL_Driver/Src/stm32f1xx_hal_pcd.o
 .debug_macro   0x000179e5      0x1c7 ./Drivers/STM32F1xx_HAL_Driver/Src/stm32f1xx_hal_pcd_ex.o
 .debug_macro   0x00017bac      0x1d9 ./Drivers/STM32F1xx_HAL_Driver/Src/stm32f1xx_hal_rcc.o
 .debug_macro   0x00017d85      0x1c7 ./Drivers/STM32F1xx_HAL_Driver/Src/stm32f1xx_hal_rcc_ex.o
 .debug_macro   0x00017f4c      0x1c8 ./Drivers/STM32F1xx_HAL_Driver/Src/stm32f1xx_hal_tim.o
 .debug_macro   0x00018114      0x1c7 ./Drivers/STM32F1xx_HAL_Driver/Src/stm32f1xx_hal_tim_ex.o
 .debug_macro   0x000182db      0x1c8 ./Drivers/STM32F1xx_HAL_Driver/Src/stm32f1xx_hal_uart.o
 .debug_macro   0x000184a3      0x1c7 ./Drivers/STM32F1xx_HAL_Driver/Src/stm32f1xx_ll_usb.o
 .debug_macro   0x0001866a      0x360 ./Middlewares/ST/STM32_USB_Device_Library/Class/CDC/Src/usbd_cdc.o
 .debug_macro   0x000189ca       0x9e ./Middlewares/ST/STM32_USB_Device_Library/Class/CDC/Src/usbd_cdc.o
 .debug_macro   0x00018a68      0x10b ./Middlewares/ST/STM32_USB_Device_Library/Class/CDC/Src/usbd_cdc.o
 .debug_macro   0x00018b73       0x56 ./Middlewares/ST/STM32_USB_Device_Library/Class/CDC/Src/usbd_cdc.o
 .debug_macro   0x00018bc9      0x347 ./Middlewares/ST/STM32_USB_Device_Library/Core/Src/usbd_core.o
 .debug_macro   0x00018f10      0x1ce ./Middlewares/ST/STM32_USB_Device_Library/Core/Src/usbd_core.o
 .debug_macro   0x000190de      0x351 ./Middlewares/ST/STM32_USB_Device_Library/Core/Src/usbd_ctlreq.o
 .debug_macro   0x0001942f      0x34d ./Middlewares/ST/STM32_USB_Device_Library/Core/Src/usbd_ioreq.o
 .debug_macro   0x0001977c      0x386 ./USB_DEVICE/App/usb_device.o
 .debug_macro   0x00019b02       0x22 ./USB_DEVICE/App/usb_device.o
 .debug_macro   0x00019b24       0x16 ./USB_DEVICE/App/usb_device.o
 .debug_macro   0x00019b3a      0x36b ./USB_DEVICE/App/usbd_cdc_if.o
 .debug_macro   0x00019ea5      0x384 ./USB_DEVICE/App/usbd_desc.o
 .debug_macro   0x0001a229       0x1c ./USB_DEVICE/App/usbd_desc.o
 .debug_macro   0x0001a245      0x36a ./USB_DEVICE/Target/usbd_conf.o

.debug_line     0x00000000    0x18a9a
 .debug_line    0x00000000      0xf1e ./Core/Src/main.o
 .debug_line    0x00000f1e      0x879 ./Core/Src/stm32f1xx_hal_msp.o
 .debug_line    0x00001797      0x8f1 ./Core/Src/stm32f1xx_it.o
 .debug_line    0x00002088      0x865 ./Core/Src/system_stm32f1xx.o
 .debug_line    0x000028ed       0x78 ./Core/Startup/startup_stm32f103c8tx.o
 .debug_line    0x00002965      0xa92 ./Drivers/STM32F1xx_HAL_Driver/Src/stm32f1xx_hal.o
 .debug_line    0x000033f7      0xc7e ./Drivers/STM32F1xx_HAL_Driver/Src/stm32f1xx_hal_cortex.o
 .debug_line    0x00004075      0xeeb ./Drivers/STM32F1xx_HAL_Driver/Src/stm32f1xx_hal_dma.o
 .debug_line    0x00004f60      0xb2b ./Drivers/STM32F1xx_HAL_Driver/Src/stm32f1xx_hal_gpio.o
 .debug_line    0x00005a8b     0x14e7 ./Drivers/STM32F1xx_HAL_Driver/Src/stm32f1xx_hal_pcd.o
 .debug_line    0x00006f72      0x860 ./Drivers/STM32F1xx_HAL_Driver/Src/stm32f1xx_hal_pcd_ex.o
 .debug_line    0x000077d2      0xe9b ./Drivers/STM32F1xx_HAL_Driver/Src/stm32f1xx_hal_rcc.o
 .debug_line    0x0000866d      0x9dc ./Drivers/STM32F1xx_HAL_Driver/Src/stm32f1xx_hal_rcc_ex.o
 .debug_line    0x00009049     0x35b7 ./Drivers/STM32F1xx_HAL_Driver/Src/stm32f1xx_hal_tim.o
 .debug_line    0x0000c600     0x19e1 ./Drivers/STM32F1xx_HAL_Driver/Src/stm32f1xx_hal_tim_ex.o
 .debug_line    0x0000dfe1     0x2971 ./Drivers/STM32F1xx_HAL_Driver/Src/stm32f1xx_hal_uart.o
 .debug_line    0x00010952     0x1163 ./Drivers/STM32F1xx_HAL_Driver/Src/stm32f1xx_ll_usb.o
 .debug_line    0x00011ab5      0xee9 ./Middlewares/ST/STM32_USB_Device_Library/Class/CDC/Src/usbd_cdc.o
 .debug_line    0x0001299e      0xf65 ./Middlewares/ST/STM32_USB_Device_Library/Core/Src/usbd_core.o
 .debug_line    0x00013903     0x11a5 ./Middlewares/ST/STM32_USB_Device_Library/Core/Src/usbd_ctlreq.o
 .debug_line    0x00014aa8      0xbfb ./Middlewares/ST/STM32_USB_Device_Library/Core/Src/usbd_ioreq.o
 .debug_line    0x000156a3      0xbbb ./USB_DEVICE/App/usb_device.o
 .debug_line    0x0001625e      0xc15 ./USB_DEVICE/App/usbd_cdc_if.o
 .debug_line    0x00016e73      0xc84 ./USB_DEVICE/App/usbd_desc.o
 .debug_line    0x00017af7      0xfa3 ./USB_DEVICE/Target/usbd_conf.o

.debug_str      0x00000000    0x8f342
 .debug_str     0x00000000    0x8adf1 ./Core/Src/main.o
                              0x8b25f (size before relaxing)
 .debug_str     0x0008adf1      0x3b9 ./Core/Src/stm32f1xx_hal_msp.o
                              0x86b7a (size before relaxing)
 .debug_str     0x0008b1aa      0x421 ./Core/Src/stm32f1xx_it.o
                              0x86b62 (size before relaxing)
 .debug_str     0x0008b5cb       0xad ./Core/Src/system_stm32f1xx.o
                              0x860f2 (size before relaxing)
 .debug_str     0x0008b678       0x44 ./Core/Startup/startup_stm32f103c8tx.o
                                 0x73 (size before relaxing)
 .debug_str     0x0008b6bc      0x384 ./Drivers/STM32F1xx_HAL_Driver/Src/stm32f1xx_hal.o
                              0x86825 (size before relaxing)
 .debug_str     0x0008ba40      0x26c ./Drivers/STM32F1xx_HAL_Driver/Src/stm32f1xx_hal_cortex.o
                              0x86771 (size before relaxing)
 .debug_str     0x0008bcac      0x230 ./Drivers/STM32F1xx_HAL_Driver/Src/stm32f1xx_hal_dma.o
                              0x8649b (size before relaxing)
 .debug_str     0x0008bedc      0x31d ./Drivers/STM32F1xx_HAL_Driver/Src/stm32f1xx_hal_gpio.o
                              0x86478 (size before relaxing)
 .debug_str     0x0008c1f9      0x5bd ./Drivers/STM32F1xx_HAL_Driver/Src/stm32f1xx_hal_pcd.o
                              0x86a0f (size before relaxing)
 .debug_str     0x0008c7b6      0x170 ./Drivers/STM32F1xx_HAL_Driver/Src/stm32f1xx_hal_pcd_ex.o
                              0x86571 (size before relaxing)
 .debug_str     0x0008c926      0x229 ./Drivers/STM32F1xx_HAL_Driver/Src/stm32f1xx_hal_rcc.o
                              0x86521 (size before relaxing)
 .debug_str     0x0008cb4f       0x9f ./Drivers/STM32F1xx_HAL_Driver/Src/stm32f1xx_hal_rcc_ex.o
                              0x86271 (size before relaxing)
 .debug_str     0x0008cbee      0xd90 ./Drivers/STM32F1xx_HAL_Driver/Src/stm32f1xx_hal_tim.o
                              0x87523 (size before relaxing)
 .debug_str     0x0008d97e      0x493 ./Drivers/STM32F1xx_HAL_Driver/Src/stm32f1xx_hal_tim_ex.o
                              0x86d2f (size before relaxing)
 .debug_str     0x0008de11      0x5c0 ./Drivers/STM32F1xx_HAL_Driver/Src/stm32f1xx_hal_uart.o
                              0x86b92 (size before relaxing)
 .debug_str     0x0008e3d1      0x129 ./Drivers/STM32F1xx_HAL_Driver/Src/stm32f1xx_ll_usb.o
                              0x865c3 (size before relaxing)
 .debug_str     0x0008e4fa      0x635 ./Middlewares/ST/STM32_USB_Device_Library/Class/CDC/Src/usbd_cdc.o
                              0x8afbb (size before relaxing)
 .debug_str     0x0008eb2f      0x281 ./Middlewares/ST/STM32_USB_Device_Library/Core/Src/usbd_core.o
                              0x8a8eb (size before relaxing)
 .debug_str     0x0008edb0      0x120 ./Middlewares/ST/STM32_USB_Device_Library/Core/Src/usbd_ctlreq.o
                              0x8a805 (size before relaxing)
 .debug_str     0x0008eed0       0x51 ./Middlewares/ST/STM32_USB_Device_Library/Core/Src/usbd_ioreq.o
                              0x8a732 (size before relaxing)
 .debug_str     0x0008ef21       0xc6 ./USB_DEVICE/App/usb_device.o
                              0x8aabd (size before relaxing)
 .debug_str     0x0008efe7       0x8b ./USB_DEVICE/App/usbd_cdc_if.o
                              0x8af30 (size before relaxing)
 .debug_str     0x0008f072      0x258 ./USB_DEVICE/App/usbd_desc.o
                              0x8a66e (size before relaxing)
 .debug_str     0x0008f2ca       0x78 ./USB_DEVICE/Target/usbd_conf.o
                              0x8b548 (size before relaxing)

.comment        0x00000000       0x43
 .comment       0x00000000       0x43 ./Core/Src/main.o
                                 0x44 (size before relaxing)
 .comment       0x00000043       0x44 ./Core/Src/stm32f1xx_hal_msp.o
 .comment       0x00000043       0x44 ./Core/Src/stm32f1xx_it.o
 .comment       0x00000043       0x44 ./Core/Src/system_stm32f1xx.o
 .comment       0x00000043       0x44 ./Drivers/STM32F1xx_HAL_Driver/Src/stm32f1xx_hal.o
 .comment       0x00000043       0x44 ./Drivers/STM32F1xx_HAL_Driver/Src/stm32f1xx_hal_cortex.o
 .comment       0x00000043       0x44 ./Drivers/STM32F1xx_HAL_Driver/Src/stm32f1xx_hal_dma.o
 .comment       0x00000043       0x44 ./Drivers/STM32F1xx_HAL_Driver/Src/stm32f1xx_hal_gpio.o
 .comment       0x00000043       0x44 ./Drivers/STM32F1xx_HAL_Driver/Src/stm32f1xx_hal_pcd.o
 .comment       0x00000043       0x44 ./Drivers/STM32F1xx_HAL_Driver/Src/stm32f1xx_hal_pcd_ex.o
 .comment       0x00000043       0x44 ./Drivers/STM32F1xx_HAL_Driver/Src/stm32f1xx_hal_rcc.o
 .comment       0x00000043       0x44 ./Drivers/STM32F1xx_HAL_Driver/Src/stm32f1xx_hal_rcc_ex.o
 .comment       0x00000043       0x44 ./Drivers/STM32F1xx_HAL_Driver/Src/stm32f1xx_hal_tim.o
 .comment       0x00000043       0x44 ./Drivers/STM32F1xx_HAL_Driver/Src/stm32f1xx_hal_tim_ex.o
 .comment       0x00000043       0x44 ./Drivers/STM32F1xx_HAL_Driver/Src/stm32f1xx_hal_uart.o
 .comment       0x00000043       0x44 ./Drivers/STM32F1xx_HAL_Driver/Src/stm32f1xx_ll_usb.o
 .comment       0x00000043       0x44 ./Middlewares/ST/STM32_USB_Device_Library/Class/CDC/Src/usbd_cdc.o
 .comment       0x00000043       0x44 ./Middlewares/ST/STM32_USB_Device_Library/Core/Src/usbd_core.o
 .comment       0x00000043       0x44 ./Middlewares/ST/STM32_USB_Device_Library/Core/Src/usbd_ctlreq.o
 .comment       0x00000043       0x44 ./Middlewares/ST/STM32_USB_Device_Library/Core/Src/usbd_ioreq.o
 .comment       0x00000043       0x44 ./USB_DEVICE/App/usb_device.o
 .comment       0x00000043       0x44 ./USB_DEVICE/App/usbd_cdc_if.o
 .comment       0x00000043       0x44 ./USB_DEVICE/App/usbd_desc.o
 .comment       0x00000043       0x44 ./USB_DEVICE/Target/usbd_conf.o

.debug_frame    0x00000000     0x4f58
 .debug_frame   0x00000000      0x1a4 ./Core/Src/main.o
 .debug_frame   0x000001a4       0xc8 ./Core/Src/stm32f1xx_hal_msp.o
 .debug_frame   0x0000026c      0x158 ./Core/Src/stm32f1xx_it.o
 .debug_frame   0x000003c4       0x58 ./Core/Src/system_stm32f1xx.o
 .debug_frame   0x0000041c      0x334 ./Drivers/STM32F1xx_HAL_Driver/Src/stm32f1xx_hal.o
 .debug_frame   0x00000750      0x428 ./Drivers/STM32F1xx_HAL_Driver/Src/stm32f1xx_hal_cortex.o
 .debug_frame   0x00000b78      0x208 ./Drivers/STM32F1xx_HAL_Driver/Src/stm32f1xx_hal_dma.o
 .debug_frame   0x00000d80      0x14c ./Drivers/STM32F1xx_HAL_Driver/Src/stm32f1xx_hal_gpio.o
 .debug_frame   0x00000ecc      0x594 ./Drivers/STM32F1xx_HAL_Driver/Src/stm32f1xx_hal_pcd.o
 .debug_frame   0x00001460       0xb0 ./Drivers/STM32F1xx_HAL_Driver/Src/stm32f1xx_hal_pcd_ex.o
 .debug_frame   0x00001510      0x218 ./Drivers/STM32F1xx_HAL_Driver/Src/stm32f1xx_hal_rcc.o
 .debug_frame   0x00001728       0x80 ./Drivers/STM32F1xx_HAL_Driver/Src/stm32f1xx_hal_rcc_ex.o
 .debug_frame   0x000017a8     0x11b8 ./Drivers/STM32F1xx_HAL_Driver/Src/stm32f1xx_hal_tim.o
 .debug_frame   0x00002960      0x638 ./Drivers/STM32F1xx_HAL_Driver/Src/stm32f1xx_hal_tim_ex.o
 .debug_frame   0x00002f98      0x944 ./Drivers/STM32F1xx_HAL_Driver/Src/stm32f1xx_hal_uart.o
 .debug_frame   0x000038dc      0x470 ./Drivers/STM32F1xx_HAL_Driver/Src/stm32f1xx_ll_usb.o
 .debug_frame   0x00003d4c      0x248 ./Middlewares/ST/STM32_USB_Device_Library/Class/CDC/Src/usbd_cdc.o
 .debug_frame   0x00003f94      0x300 ./Middlewares/ST/STM32_USB_Device_Library/Core/Src/usbd_core.o
 .debug_frame   0x00004294      0x218 ./Middlewares/ST/STM32_USB_Device_Library/Core/Src/usbd_ctlreq.o
 .debug_frame   0x000044ac      0x10c ./Middlewares/ST/STM32_USB_Device_Library/Core/Src/usbd_ioreq.o
 .debug_frame   0x000045b8       0x2c ./USB_DEVICE/App/usb_device.o
 .debug_frame   0x000045e4       0xbc ./USB_DEVICE/App/usbd_cdc_if.o
 .debug_frame   0x000046a0      0x160 ./USB_DEVICE/App/usbd_desc.o
 .debug_frame   0x00004800      0x4a4 ./USB_DEVICE/Target/usbd_conf.o
 .debug_frame   0x00004ca4       0x30 C:/Users/DELL/cubeide/STM32CubeIDE_1.16.0/STM32CubeIDE/plugins/com.st.stm32cube.ide.mcu.externaltools.gnu-tools-for-stm32.12.3.rel1.win32_1.0.200.202406191623/tools/bin/../lib/gcc/arm-none-eabi/12.3.1/../../../../arm-none-eabi/lib/thumb/v7-m/nofp\libc_nano.a(libc_a-atoi.o)
 .debug_frame   0x00004cd4       0x64 C:/Users/DELL/cubeide/STM32CubeIDE_1.16.0/STM32CubeIDE/plugins/com.st.stm32cube.ide.mcu.externaltools.gnu-tools-for-stm32.12.3.rel1.win32_1.0.200.202406191623/tools/bin/../lib/gcc/arm-none-eabi/12.3.1/../../../../arm-none-eabi/lib/thumb/v7-m/nofp\libc_nano.a(libc_a-strtol.o)